Watching for file changes with StatReloader
Invalid HTTP_HOST header: 'host.docker.internal:8000'. You may need to add 'host.docker.internal' to ALLOWED_HOSTS.
Traceback (most recent call last):
  File "/home/rahim/projects/weather-apis/.venv/lib/python3.12/site-packages/django/core/handlers/exception.py", line 55, in inner
    response = get_response(request)
               ^^^^^^^^^^^^^^^^^^^^^
  File "/home/rahim/projects/weather-apis/.venv/lib/python3.12/site-packages/django/utils/deprecation.py", line 128, in __call__
    response = self.process_request(request)
               ^^^^^^^^^^^^^^^^^^^^^^^^^^^^^
  File "/home/rahim/projects/weather-apis/.venv/lib/python3.12/site-packages/django/middleware/common.py", line 48, in process_request
    host = request.get_host()
           ^^^^^^^^^^^^^^^^^^
  File "/home/rahim/projects/weather-apis/.venv/lib/python3.12/site-packages/django/http/request.py", line 151, in get_host
    raise DisallowedHost(msg)
django.core.exceptions.DisallowedHost: Invalid HTTP_HOST header: 'host.docker.internal:8000'. You may need to add 'host.docker.internal' to ALLOWED_HOSTS.
Invalid HTTP_HOST header: 'host.docker.internal:8000'. You may need to add 'host.docker.internal' to ALLOWED_HOSTS.
Traceback (most recent call last):
  File "/home/rahim/projects/weather-apis/.venv/lib/python3.12/site-packages/django/core/handlers/exception.py", line 55, in inner
    response = get_response(request)
               ^^^^^^^^^^^^^^^^^^^^^
  File "/home/rahim/projects/weather-apis/.venv/lib/python3.12/site-packages/django/utils/deprecation.py", line 128, in __call__
    response = self.process_request(request)
               ^^^^^^^^^^^^^^^^^^^^^^^^^^^^^
  File "/home/rahim/projects/weather-apis/.venv/lib/python3.12/site-packages/django/middleware/common.py", line 48, in process_request
    host = request.get_host()
           ^^^^^^^^^^^^^^^^^^
  File "/home/rahim/projects/weather-apis/.venv/lib/python3.12/site-packages/django/http/request.py", line 151, in get_host
    raise DisallowedHost(msg)
django.core.exceptions.DisallowedHost: Invalid HTTP_HOST header: 'host.docker.internal:8000'. You may need to add 'host.docker.internal' to ALLOWED_HOSTS.
Invalid HTTP_HOST header: 'host.docker.internal:8000'. You may need to add 'host.docker.internal' to ALLOWED_HOSTS.
Traceback (most recent call last):
  File "/home/rahim/projects/weather-apis/.venv/lib/python3.12/site-packages/django/core/handlers/exception.py", line 55, in inner
    response = get_response(request)
               ^^^^^^^^^^^^^^^^^^^^^
  File "/home/rahim/projects/weather-apis/.venv/lib/python3.12/site-packages/django/utils/deprecation.py", line 128, in __call__
    response = self.process_request(request)
               ^^^^^^^^^^^^^^^^^^^^^^^^^^^^^
  File "/home/rahim/projects/weather-apis/.venv/lib/python3.12/site-packages/django/middleware/common.py", line 48, in process_request
    host = request.get_host()
           ^^^^^^^^^^^^^^^^^^
  File "/home/rahim/projects/weather-apis/.venv/lib/python3.12/site-packages/django/http/request.py", line 151, in get_host
    raise DisallowedHost(msg)
django.core.exceptions.DisallowedHost: Invalid HTTP_HOST header: 'host.docker.internal:8000'. You may need to add 'host.docker.internal' to ALLOWED_HOSTS.
Invalid HTTP_HOST header: 'host.docker.internal:8000'. You may need to add 'host.docker.internal' to ALLOWED_HOSTS.
Traceback (most recent call last):
  File "/home/rahim/projects/weather-apis/.venv/lib/python3.12/site-packages/django/core/handlers/exception.py", line 55, in inner
    response = get_response(request)
               ^^^^^^^^^^^^^^^^^^^^^
  File "/home/rahim/projects/weather-apis/.venv/lib/python3.12/site-packages/django/utils/deprecation.py", line 128, in __call__
    response = self.process_request(request)
               ^^^^^^^^^^^^^^^^^^^^^^^^^^^^^
  File "/home/rahim/projects/weather-apis/.venv/lib/python3.12/site-packages/django/middleware/common.py", line 48, in process_request
    host = request.get_host()
           ^^^^^^^^^^^^^^^^^^
  File "/home/rahim/projects/weather-apis/.venv/lib/python3.12/site-packages/django/http/request.py", line 151, in get_host
    raise DisallowedHost(msg)
django.core.exceptions.DisallowedHost: Invalid HTTP_HOST header: 'host.docker.internal:8000'. You may need to add 'host.docker.internal' to ALLOWED_HOSTS.
Invalid HTTP_HOST header: 'host.docker.internal:8000'. You may need to add 'host.docker.internal' to ALLOWED_HOSTS.
Traceback (most recent call last):
  File "/home/rahim/projects/weather-apis/.venv/lib/python3.12/site-packages/django/core/handlers/exception.py", line 55, in inner
    response = get_response(request)
               ^^^^^^^^^^^^^^^^^^^^^
  File "/home/rahim/projects/weather-apis/.venv/lib/python3.12/site-packages/django/utils/deprecation.py", line 128, in __call__
    response = self.process_request(request)
               ^^^^^^^^^^^^^^^^^^^^^^^^^^^^^
  File "/home/rahim/projects/weather-apis/.venv/lib/python3.12/site-packages/django/middleware/common.py", line 48, in process_request
    host = request.get_host()
           ^^^^^^^^^^^^^^^^^^
  File "/home/rahim/projects/weather-apis/.venv/lib/python3.12/site-packages/django/http/request.py", line 151, in get_host
    raise DisallowedHost(msg)
django.core.exceptions.DisallowedHost: Invalid HTTP_HOST header: 'host.docker.internal:8000'. You may need to add 'host.docker.internal' to ALLOWED_HOSTS.
Invalid HTTP_HOST header: 'host.docker.internal:8000'. You may need to add 'host.docker.internal' to ALLOWED_HOSTS.
Traceback (most recent call last):
  File "/home/rahim/projects/weather-apis/.venv/lib/python3.12/site-packages/django/core/handlers/exception.py", line 55, in inner
    response = get_response(request)
               ^^^^^^^^^^^^^^^^^^^^^
  File "/home/rahim/projects/weather-apis/.venv/lib/python3.12/site-packages/django/utils/deprecation.py", line 128, in __call__
    response = self.process_request(request)
               ^^^^^^^^^^^^^^^^^^^^^^^^^^^^^
  File "/home/rahim/projects/weather-apis/.venv/lib/python3.12/site-packages/django/middleware/common.py", line 48, in process_request
    host = request.get_host()
           ^^^^^^^^^^^^^^^^^^
  File "/home/rahim/projects/weather-apis/.venv/lib/python3.12/site-packages/django/http/request.py", line 151, in get_host
    raise DisallowedHost(msg)
django.core.exceptions.DisallowedHost: Invalid HTTP_HOST header: 'host.docker.internal:8000'. You may need to add 'host.docker.internal' to ALLOWED_HOSTS.
Invalid HTTP_HOST header: 'host.docker.internal:8000'. You may need to add 'host.docker.internal' to ALLOWED_HOSTS.
Traceback (most recent call last):
  File "/home/rahim/projects/weather-apis/.venv/lib/python3.12/site-packages/django/core/handlers/exception.py", line 55, in inner
    response = get_response(request)
               ^^^^^^^^^^^^^^^^^^^^^
  File "/home/rahim/projects/weather-apis/.venv/lib/python3.12/site-packages/django/utils/deprecation.py", line 128, in __call__
    response = self.process_request(request)
               ^^^^^^^^^^^^^^^^^^^^^^^^^^^^^
  File "/home/rahim/projects/weather-apis/.venv/lib/python3.12/site-packages/django/middleware/common.py", line 48, in process_request
    host = request.get_host()
           ^^^^^^^^^^^^^^^^^^
  File "/home/rahim/projects/weather-apis/.venv/lib/python3.12/site-packages/django/http/request.py", line 151, in get_host
    raise DisallowedHost(msg)
django.core.exceptions.DisallowedHost: Invalid HTTP_HOST header: 'host.docker.internal:8000'. You may need to add 'host.docker.internal' to ALLOWED_HOSTS.
Invalid HTTP_HOST header: 'host.docker.internal:8000'. You may need to add 'host.docker.internal' to ALLOWED_HOSTS.
Traceback (most recent call last):
  File "/home/rahim/projects/weather-apis/.venv/lib/python3.12/site-packages/django/core/handlers/exception.py", line 55, in inner
    response = get_response(request)
               ^^^^^^^^^^^^^^^^^^^^^
  File "/home/rahim/projects/weather-apis/.venv/lib/python3.12/site-packages/django/utils/deprecation.py", line 128, in __call__
    response = self.process_request(request)
               ^^^^^^^^^^^^^^^^^^^^^^^^^^^^^
  File "/home/rahim/projects/weather-apis/.venv/lib/python3.12/site-packages/django/middleware/common.py", line 48, in process_request
    host = request.get_host()
           ^^^^^^^^^^^^^^^^^^
  File "/home/rahim/projects/weather-apis/.venv/lib/python3.12/site-packages/django/http/request.py", line 151, in get_host
    raise DisallowedHost(msg)
django.core.exceptions.DisallowedHost: Invalid HTTP_HOST header: 'host.docker.internal:8000'. You may need to add 'host.docker.internal' to ALLOWED_HOSTS.
Invalid HTTP_HOST header: 'host.docker.internal:8000'. You may need to add 'host.docker.internal' to ALLOWED_HOSTS.
Traceback (most recent call last):
  File "/home/rahim/projects/weather-apis/.venv/lib/python3.12/site-packages/django/core/handlers/exception.py", line 55, in inner
    response = get_response(request)
               ^^^^^^^^^^^^^^^^^^^^^
  File "/home/rahim/projects/weather-apis/.venv/lib/python3.12/site-packages/django/utils/deprecation.py", line 128, in __call__
    response = self.process_request(request)
               ^^^^^^^^^^^^^^^^^^^^^^^^^^^^^
  File "/home/rahim/projects/weather-apis/.venv/lib/python3.12/site-packages/django/middleware/common.py", line 48, in process_request
    host = request.get_host()
           ^^^^^^^^^^^^^^^^^^
  File "/home/rahim/projects/weather-apis/.venv/lib/python3.12/site-packages/django/http/request.py", line 151, in get_host
    raise DisallowedHost(msg)
django.core.exceptions.DisallowedHost: Invalid HTTP_HOST header: 'host.docker.internal:8000'. You may need to add 'host.docker.internal' to ALLOWED_HOSTS.
Invalid HTTP_HOST header: 'host.docker.internal:8000'. You may need to add 'host.docker.internal' to ALLOWED_HOSTS.
Traceback (most recent call last):
  File "/home/rahim/projects/weather-apis/.venv/lib/python3.12/site-packages/django/core/handlers/exception.py", line 55, in inner
    response = get_response(request)
               ^^^^^^^^^^^^^^^^^^^^^
  File "/home/rahim/projects/weather-apis/.venv/lib/python3.12/site-packages/django/utils/deprecation.py", line 128, in __call__
    response = self.process_request(request)
               ^^^^^^^^^^^^^^^^^^^^^^^^^^^^^
  File "/home/rahim/projects/weather-apis/.venv/lib/python3.12/site-packages/django/middleware/common.py", line 48, in process_request
    host = request.get_host()
           ^^^^^^^^^^^^^^^^^^
  File "/home/rahim/projects/weather-apis/.venv/lib/python3.12/site-packages/django/http/request.py", line 151, in get_host
    raise DisallowedHost(msg)
django.core.exceptions.DisallowedHost: Invalid HTTP_HOST header: 'host.docker.internal:8000'. You may need to add 'host.docker.internal' to ALLOWED_HOSTS.
Invalid HTTP_HOST header: 'host.docker.internal:8000'. You may need to add 'host.docker.internal' to ALLOWED_HOSTS.
Traceback (most recent call last):
  File "/home/rahim/projects/weather-apis/.venv/lib/python3.12/site-packages/django/core/handlers/exception.py", line 55, in inner
    response = get_response(request)
               ^^^^^^^^^^^^^^^^^^^^^
  File "/home/rahim/projects/weather-apis/.venv/lib/python3.12/site-packages/django/utils/deprecation.py", line 128, in __call__
    response = self.process_request(request)
               ^^^^^^^^^^^^^^^^^^^^^^^^^^^^^
  File "/home/rahim/projects/weather-apis/.venv/lib/python3.12/site-packages/django/middleware/common.py", line 48, in process_request
    host = request.get_host()
           ^^^^^^^^^^^^^^^^^^
  File "/home/rahim/projects/weather-apis/.venv/lib/python3.12/site-packages/django/http/request.py", line 151, in get_host
    raise DisallowedHost(msg)
django.core.exceptions.DisallowedHost: Invalid HTTP_HOST header: 'host.docker.internal:8000'. You may need to add 'host.docker.internal' to ALLOWED_HOSTS.
Invalid HTTP_HOST header: 'host.docker.internal:8000'. You may need to add 'host.docker.internal' to ALLOWED_HOSTS.
Traceback (most recent call last):
  File "/home/rahim/projects/weather-apis/.venv/lib/python3.12/site-packages/django/core/handlers/exception.py", line 55, in inner
    response = get_response(request)
               ^^^^^^^^^^^^^^^^^^^^^
  File "/home/rahim/projects/weather-apis/.venv/lib/python3.12/site-packages/django/utils/deprecation.py", line 128, in __call__
    response = self.process_request(request)
               ^^^^^^^^^^^^^^^^^^^^^^^^^^^^^
  File "/home/rahim/projects/weather-apis/.venv/lib/python3.12/site-packages/django/middleware/common.py", line 48, in process_request
    host = request.get_host()
           ^^^^^^^^^^^^^^^^^^
  File "/home/rahim/projects/weather-apis/.venv/lib/python3.12/site-packages/django/http/request.py", line 151, in get_host
    raise DisallowedHost(msg)
django.core.exceptions.DisallowedHost: Invalid HTTP_HOST header: 'host.docker.internal:8000'. You may need to add 'host.docker.internal' to ALLOWED_HOSTS.
Invalid HTTP_HOST header: 'host.docker.internal:8000'. You may need to add 'host.docker.internal' to ALLOWED_HOSTS.
Traceback (most recent call last):
  File "/home/rahim/projects/weather-apis/.venv/lib/python3.12/site-packages/django/core/handlers/exception.py", line 55, in inner
    response = get_response(request)
               ^^^^^^^^^^^^^^^^^^^^^
  File "/home/rahim/projects/weather-apis/.venv/lib/python3.12/site-packages/django/utils/deprecation.py", line 128, in __call__
    response = self.process_request(request)
               ^^^^^^^^^^^^^^^^^^^^^^^^^^^^^
  File "/home/rahim/projects/weather-apis/.venv/lib/python3.12/site-packages/django/middleware/common.py", line 48, in process_request
    host = request.get_host()
           ^^^^^^^^^^^^^^^^^^
  File "/home/rahim/projects/weather-apis/.venv/lib/python3.12/site-packages/django/http/request.py", line 151, in get_host
    raise DisallowedHost(msg)
django.core.exceptions.DisallowedHost: Invalid HTTP_HOST header: 'host.docker.internal:8000'. You may need to add 'host.docker.internal' to ALLOWED_HOSTS.
Invalid HTTP_HOST header: 'host.docker.internal:8000'. You may need to add 'host.docker.internal' to ALLOWED_HOSTS.
Traceback (most recent call last):
  File "/home/rahim/projects/weather-apis/.venv/lib/python3.12/site-packages/django/core/handlers/exception.py", line 55, in inner
    response = get_response(request)
               ^^^^^^^^^^^^^^^^^^^^^
  File "/home/rahim/projects/weather-apis/.venv/lib/python3.12/site-packages/django/utils/deprecation.py", line 128, in __call__
    response = self.process_request(request)
               ^^^^^^^^^^^^^^^^^^^^^^^^^^^^^
  File "/home/rahim/projects/weather-apis/.venv/lib/python3.12/site-packages/django/middleware/common.py", line 48, in process_request
    host = request.get_host()
           ^^^^^^^^^^^^^^^^^^
  File "/home/rahim/projects/weather-apis/.venv/lib/python3.12/site-packages/django/http/request.py", line 151, in get_host
    raise DisallowedHost(msg)
django.core.exceptions.DisallowedHost: Invalid HTTP_HOST header: 'host.docker.internal:8000'. You may need to add 'host.docker.internal' to ALLOWED_HOSTS.
Invalid HTTP_HOST header: 'host.docker.internal:8000'. You may need to add 'host.docker.internal' to ALLOWED_HOSTS.
Traceback (most recent call last):
  File "/home/rahim/projects/weather-apis/.venv/lib/python3.12/site-packages/django/core/handlers/exception.py", line 55, in inner
    response = get_response(request)
               ^^^^^^^^^^^^^^^^^^^^^
  File "/home/rahim/projects/weather-apis/.venv/lib/python3.12/site-packages/django/utils/deprecation.py", line 128, in __call__
    response = self.process_request(request)
               ^^^^^^^^^^^^^^^^^^^^^^^^^^^^^
  File "/home/rahim/projects/weather-apis/.venv/lib/python3.12/site-packages/django/middleware/common.py", line 48, in process_request
    host = request.get_host()
           ^^^^^^^^^^^^^^^^^^
  File "/home/rahim/projects/weather-apis/.venv/lib/python3.12/site-packages/django/http/request.py", line 151, in get_host
    raise DisallowedHost(msg)
django.core.exceptions.DisallowedHost: Invalid HTTP_HOST header: 'host.docker.internal:8000'. You may need to add 'host.docker.internal' to ALLOWED_HOSTS.
Invalid HTTP_HOST header: 'host.docker.internal:8000'. You may need to add 'host.docker.internal' to ALLOWED_HOSTS.
Traceback (most recent call last):
  File "/home/rahim/projects/weather-apis/.venv/lib/python3.12/site-packages/django/core/handlers/exception.py", line 55, in inner
    response = get_response(request)
               ^^^^^^^^^^^^^^^^^^^^^
  File "/home/rahim/projects/weather-apis/.venv/lib/python3.12/site-packages/django/utils/deprecation.py", line 128, in __call__
    response = self.process_request(request)
               ^^^^^^^^^^^^^^^^^^^^^^^^^^^^^
  File "/home/rahim/projects/weather-apis/.venv/lib/python3.12/site-packages/django/middleware/common.py", line 48, in process_request
    host = request.get_host()
           ^^^^^^^^^^^^^^^^^^
  File "/home/rahim/projects/weather-apis/.venv/lib/python3.12/site-packages/django/http/request.py", line 151, in get_host
    raise DisallowedHost(msg)
django.core.exceptions.DisallowedHost: Invalid HTTP_HOST header: 'host.docker.internal:8000'. You may need to add 'host.docker.internal' to ALLOWED_HOSTS.
Invalid HTTP_HOST header: 'host.docker.internal:8000'. You may need to add 'host.docker.internal' to ALLOWED_HOSTS.
Traceback (most recent call last):
  File "/home/rahim/projects/weather-apis/.venv/lib/python3.12/site-packages/django/core/handlers/exception.py", line 55, in inner
    response = get_response(request)
               ^^^^^^^^^^^^^^^^^^^^^
  File "/home/rahim/projects/weather-apis/.venv/lib/python3.12/site-packages/django/utils/deprecation.py", line 128, in __call__
    response = self.process_request(request)
               ^^^^^^^^^^^^^^^^^^^^^^^^^^^^^
  File "/home/rahim/projects/weather-apis/.venv/lib/python3.12/site-packages/django/middleware/common.py", line 48, in process_request
    host = request.get_host()
           ^^^^^^^^^^^^^^^^^^
  File "/home/rahim/projects/weather-apis/.venv/lib/python3.12/site-packages/django/http/request.py", line 151, in get_host
    raise DisallowedHost(msg)
django.core.exceptions.DisallowedHost: Invalid HTTP_HOST header: 'host.docker.internal:8000'. You may need to add 'host.docker.internal' to ALLOWED_HOSTS.
Invalid HTTP_HOST header: 'host.docker.internal:8000'. You may need to add 'host.docker.internal' to ALLOWED_HOSTS.
Traceback (most recent call last):
  File "/home/rahim/projects/weather-apis/.venv/lib/python3.12/site-packages/django/core/handlers/exception.py", line 55, in inner
    response = get_response(request)
               ^^^^^^^^^^^^^^^^^^^^^
  File "/home/rahim/projects/weather-apis/.venv/lib/python3.12/site-packages/django/utils/deprecation.py", line 128, in __call__
    response = self.process_request(request)
               ^^^^^^^^^^^^^^^^^^^^^^^^^^^^^
  File "/home/rahim/projects/weather-apis/.venv/lib/python3.12/site-packages/django/middleware/common.py", line 48, in process_request
    host = request.get_host()
           ^^^^^^^^^^^^^^^^^^
  File "/home/rahim/projects/weather-apis/.venv/lib/python3.12/site-packages/django/http/request.py", line 151, in get_host
    raise DisallowedHost(msg)
django.core.exceptions.DisallowedHost: Invalid HTTP_HOST header: 'host.docker.internal:8000'. You may need to add 'host.docker.internal' to ALLOWED_HOSTS.
Invalid HTTP_HOST header: 'host.docker.internal:8000'. You may need to add 'host.docker.internal' to ALLOWED_HOSTS.
Traceback (most recent call last):
  File "/home/rahim/projects/weather-apis/.venv/lib/python3.12/site-packages/django/core/handlers/exception.py", line 55, in inner
    response = get_response(request)
               ^^^^^^^^^^^^^^^^^^^^^
  File "/home/rahim/projects/weather-apis/.venv/lib/python3.12/site-packages/django/utils/deprecation.py", line 128, in __call__
    response = self.process_request(request)
               ^^^^^^^^^^^^^^^^^^^^^^^^^^^^^
  File "/home/rahim/projects/weather-apis/.venv/lib/python3.12/site-packages/django/middleware/common.py", line 48, in process_request
    host = request.get_host()
           ^^^^^^^^^^^^^^^^^^
  File "/home/rahim/projects/weather-apis/.venv/lib/python3.12/site-packages/django/http/request.py", line 151, in get_host
    raise DisallowedHost(msg)
django.core.exceptions.DisallowedHost: Invalid HTTP_HOST header: 'host.docker.internal:8000'. You may need to add 'host.docker.internal' to ALLOWED_HOSTS.
Invalid HTTP_HOST header: 'host.docker.internal:8000'. You may need to add 'host.docker.internal' to ALLOWED_HOSTS.
Traceback (most recent call last):
  File "/home/rahim/projects/weather-apis/.venv/lib/python3.12/site-packages/django/core/handlers/exception.py", line 55, in inner
    response = get_response(request)
               ^^^^^^^^^^^^^^^^^^^^^
  File "/home/rahim/projects/weather-apis/.venv/lib/python3.12/site-packages/django/utils/deprecation.py", line 128, in __call__
    response = self.process_request(request)
               ^^^^^^^^^^^^^^^^^^^^^^^^^^^^^
  File "/home/rahim/projects/weather-apis/.venv/lib/python3.12/site-packages/django/middleware/common.py", line 48, in process_request
    host = request.get_host()
           ^^^^^^^^^^^^^^^^^^
  File "/home/rahim/projects/weather-apis/.venv/lib/python3.12/site-packages/django/http/request.py", line 151, in get_host
    raise DisallowedHost(msg)
django.core.exceptions.DisallowedHost: Invalid HTTP_HOST header: 'host.docker.internal:8000'. You may need to add 'host.docker.internal' to ALLOWED_HOSTS.
Invalid HTTP_HOST header: 'host.docker.internal:8000'. You may need to add 'host.docker.internal' to ALLOWED_HOSTS.
Traceback (most recent call last):
  File "/home/rahim/projects/weather-apis/.venv/lib/python3.12/site-packages/django/core/handlers/exception.py", line 55, in inner
    response = get_response(request)
               ^^^^^^^^^^^^^^^^^^^^^
  File "/home/rahim/projects/weather-apis/.venv/lib/python3.12/site-packages/django/utils/deprecation.py", line 128, in __call__
    response = self.process_request(request)
               ^^^^^^^^^^^^^^^^^^^^^^^^^^^^^
  File "/home/rahim/projects/weather-apis/.venv/lib/python3.12/site-packages/django/middleware/common.py", line 48, in process_request
    host = request.get_host()
           ^^^^^^^^^^^^^^^^^^
  File "/home/rahim/projects/weather-apis/.venv/lib/python3.12/site-packages/django/http/request.py", line 151, in get_host
    raise DisallowedHost(msg)
django.core.exceptions.DisallowedHost: Invalid HTTP_HOST header: 'host.docker.internal:8000'. You may need to add 'host.docker.internal' to ALLOWED_HOSTS.
Invalid HTTP_HOST header: 'host.docker.internal:8000'. You may need to add 'host.docker.internal' to ALLOWED_HOSTS.
Traceback (most recent call last):
  File "/home/rahim/projects/weather-apis/.venv/lib/python3.12/site-packages/django/core/handlers/exception.py", line 55, in inner
    response = get_response(request)
               ^^^^^^^^^^^^^^^^^^^^^
  File "/home/rahim/projects/weather-apis/.venv/lib/python3.12/site-packages/django/utils/deprecation.py", line 128, in __call__
    response = self.process_request(request)
               ^^^^^^^^^^^^^^^^^^^^^^^^^^^^^
  File "/home/rahim/projects/weather-apis/.venv/lib/python3.12/site-packages/django/middleware/common.py", line 48, in process_request
    host = request.get_host()
           ^^^^^^^^^^^^^^^^^^
  File "/home/rahim/projects/weather-apis/.venv/lib/python3.12/site-packages/django/http/request.py", line 151, in get_host
    raise DisallowedHost(msg)
django.core.exceptions.DisallowedHost: Invalid HTTP_HOST header: 'host.docker.internal:8000'. You may need to add 'host.docker.internal' to ALLOWED_HOSTS.
Invalid HTTP_HOST header: 'host.docker.internal:8000'. You may need to add 'host.docker.internal' to ALLOWED_HOSTS.
Traceback (most recent call last):
  File "/home/rahim/projects/weather-apis/.venv/lib/python3.12/site-packages/django/core/handlers/exception.py", line 55, in inner
    response = get_response(request)
               ^^^^^^^^^^^^^^^^^^^^^
  File "/home/rahim/projects/weather-apis/.venv/lib/python3.12/site-packages/django/utils/deprecation.py", line 128, in __call__
    response = self.process_request(request)
               ^^^^^^^^^^^^^^^^^^^^^^^^^^^^^
  File "/home/rahim/projects/weather-apis/.venv/lib/python3.12/site-packages/django/middleware/common.py", line 48, in process_request
    host = request.get_host()
           ^^^^^^^^^^^^^^^^^^
  File "/home/rahim/projects/weather-apis/.venv/lib/python3.12/site-packages/django/http/request.py", line 151, in get_host
    raise DisallowedHost(msg)
django.core.exceptions.DisallowedHost: Invalid HTTP_HOST header: 'host.docker.internal:8000'. You may need to add 'host.docker.internal' to ALLOWED_HOSTS.
Invalid HTTP_HOST header: 'host.docker.internal:8000'. You may need to add 'host.docker.internal' to ALLOWED_HOSTS.
Traceback (most recent call last):
  File "/home/rahim/projects/weather-apis/.venv/lib/python3.12/site-packages/django/core/handlers/exception.py", line 55, in inner
    response = get_response(request)
               ^^^^^^^^^^^^^^^^^^^^^
  File "/home/rahim/projects/weather-apis/.venv/lib/python3.12/site-packages/django/utils/deprecation.py", line 128, in __call__
    response = self.process_request(request)
               ^^^^^^^^^^^^^^^^^^^^^^^^^^^^^
  File "/home/rahim/projects/weather-apis/.venv/lib/python3.12/site-packages/django/middleware/common.py", line 48, in process_request
    host = request.get_host()
           ^^^^^^^^^^^^^^^^^^
  File "/home/rahim/projects/weather-apis/.venv/lib/python3.12/site-packages/django/http/request.py", line 151, in get_host
    raise DisallowedHost(msg)
django.core.exceptions.DisallowedHost: Invalid HTTP_HOST header: 'host.docker.internal:8000'. You may need to add 'host.docker.internal' to ALLOWED_HOSTS.
Invalid HTTP_HOST header: 'host.docker.internal:8000'. You may need to add 'host.docker.internal' to ALLOWED_HOSTS.
Traceback (most recent call last):
  File "/home/rahim/projects/weather-apis/.venv/lib/python3.12/site-packages/django/core/handlers/exception.py", line 55, in inner
    response = get_response(request)
               ^^^^^^^^^^^^^^^^^^^^^
  File "/home/rahim/projects/weather-apis/.venv/lib/python3.12/site-packages/django/utils/deprecation.py", line 128, in __call__
    response = self.process_request(request)
               ^^^^^^^^^^^^^^^^^^^^^^^^^^^^^
  File "/home/rahim/projects/weather-apis/.venv/lib/python3.12/site-packages/django/middleware/common.py", line 48, in process_request
    host = request.get_host()
           ^^^^^^^^^^^^^^^^^^
  File "/home/rahim/projects/weather-apis/.venv/lib/python3.12/site-packages/django/http/request.py", line 151, in get_host
    raise DisallowedHost(msg)
django.core.exceptions.DisallowedHost: Invalid HTTP_HOST header: 'host.docker.internal:8000'. You may need to add 'host.docker.internal' to ALLOWED_HOSTS.
Invalid HTTP_HOST header: 'host.docker.internal:8000'. You may need to add 'host.docker.internal' to ALLOWED_HOSTS.
Traceback (most recent call last):
  File "/home/rahim/projects/weather-apis/.venv/lib/python3.12/site-packages/django/core/handlers/exception.py", line 55, in inner
    response = get_response(request)
               ^^^^^^^^^^^^^^^^^^^^^
  File "/home/rahim/projects/weather-apis/.venv/lib/python3.12/site-packages/django/utils/deprecation.py", line 128, in __call__
    response = self.process_request(request)
               ^^^^^^^^^^^^^^^^^^^^^^^^^^^^^
  File "/home/rahim/projects/weather-apis/.venv/lib/python3.12/site-packages/django/middleware/common.py", line 48, in process_request
    host = request.get_host()
           ^^^^^^^^^^^^^^^^^^
  File "/home/rahim/projects/weather-apis/.venv/lib/python3.12/site-packages/django/http/request.py", line 151, in get_host
    raise DisallowedHost(msg)
django.core.exceptions.DisallowedHost: Invalid HTTP_HOST header: 'host.docker.internal:8000'. You may need to add 'host.docker.internal' to ALLOWED_HOSTS.
Invalid HTTP_HOST header: 'host.docker.internal:8000'. You may need to add 'host.docker.internal' to ALLOWED_HOSTS.
Traceback (most recent call last):
  File "/home/rahim/projects/weather-apis/.venv/lib/python3.12/site-packages/django/core/handlers/exception.py", line 55, in inner
    response = get_response(request)
               ^^^^^^^^^^^^^^^^^^^^^
  File "/home/rahim/projects/weather-apis/.venv/lib/python3.12/site-packages/django/utils/deprecation.py", line 128, in __call__
    response = self.process_request(request)
               ^^^^^^^^^^^^^^^^^^^^^^^^^^^^^
  File "/home/rahim/projects/weather-apis/.venv/lib/python3.12/site-packages/django/middleware/common.py", line 48, in process_request
    host = request.get_host()
           ^^^^^^^^^^^^^^^^^^
  File "/home/rahim/projects/weather-apis/.venv/lib/python3.12/site-packages/django/http/request.py", line 151, in get_host
    raise DisallowedHost(msg)
django.core.exceptions.DisallowedHost: Invalid HTTP_HOST header: 'host.docker.internal:8000'. You may need to add 'host.docker.internal' to ALLOWED_HOSTS.
Invalid HTTP_HOST header: 'host.docker.internal:8000'. You may need to add 'host.docker.internal' to ALLOWED_HOSTS.
Traceback (most recent call last):
  File "/home/rahim/projects/weather-apis/.venv/lib/python3.12/site-packages/django/core/handlers/exception.py", line 55, in inner
    response = get_response(request)
               ^^^^^^^^^^^^^^^^^^^^^
  File "/home/rahim/projects/weather-apis/.venv/lib/python3.12/site-packages/django/utils/deprecation.py", line 128, in __call__
    response = self.process_request(request)
               ^^^^^^^^^^^^^^^^^^^^^^^^^^^^^
  File "/home/rahim/projects/weather-apis/.venv/lib/python3.12/site-packages/django/middleware/common.py", line 48, in process_request
    host = request.get_host()
           ^^^^^^^^^^^^^^^^^^
  File "/home/rahim/projects/weather-apis/.venv/lib/python3.12/site-packages/django/http/request.py", line 151, in get_host
    raise DisallowedHost(msg)
django.core.exceptions.DisallowedHost: Invalid HTTP_HOST header: 'host.docker.internal:8000'. You may need to add 'host.docker.internal' to ALLOWED_HOSTS.
Invalid HTTP_HOST header: 'host.docker.internal:8000'. You may need to add 'host.docker.internal' to ALLOWED_HOSTS.
Traceback (most recent call last):
  File "/home/rahim/projects/weather-apis/.venv/lib/python3.12/site-packages/django/core/handlers/exception.py", line 55, in inner
    response = get_response(request)
               ^^^^^^^^^^^^^^^^^^^^^
  File "/home/rahim/projects/weather-apis/.venv/lib/python3.12/site-packages/django/utils/deprecation.py", line 128, in __call__
    response = self.process_request(request)
               ^^^^^^^^^^^^^^^^^^^^^^^^^^^^^
  File "/home/rahim/projects/weather-apis/.venv/lib/python3.12/site-packages/django/middleware/common.py", line 48, in process_request
    host = request.get_host()
           ^^^^^^^^^^^^^^^^^^
  File "/home/rahim/projects/weather-apis/.venv/lib/python3.12/site-packages/django/http/request.py", line 151, in get_host
    raise DisallowedHost(msg)
django.core.exceptions.DisallowedHost: Invalid HTTP_HOST header: 'host.docker.internal:8000'. You may need to add 'host.docker.internal' to ALLOWED_HOSTS.
Invalid HTTP_HOST header: 'host.docker.internal:8000'. You may need to add 'host.docker.internal' to ALLOWED_HOSTS.
Traceback (most recent call last):
  File "/home/rahim/projects/weather-apis/.venv/lib/python3.12/site-packages/django/core/handlers/exception.py", line 55, in inner
    response = get_response(request)
               ^^^^^^^^^^^^^^^^^^^^^
  File "/home/rahim/projects/weather-apis/.venv/lib/python3.12/site-packages/django/utils/deprecation.py", line 128, in __call__
    response = self.process_request(request)
               ^^^^^^^^^^^^^^^^^^^^^^^^^^^^^
  File "/home/rahim/projects/weather-apis/.venv/lib/python3.12/site-packages/django/middleware/common.py", line 48, in process_request
    host = request.get_host()
           ^^^^^^^^^^^^^^^^^^
  File "/home/rahim/projects/weather-apis/.venv/lib/python3.12/site-packages/django/http/request.py", line 151, in get_host
    raise DisallowedHost(msg)
django.core.exceptions.DisallowedHost: Invalid HTTP_HOST header: 'host.docker.internal:8000'. You may need to add 'host.docker.internal' to ALLOWED_HOSTS.
Invalid HTTP_HOST header: 'host.docker.internal:8000'. You may need to add 'host.docker.internal' to ALLOWED_HOSTS.
Traceback (most recent call last):
  File "/home/rahim/projects/weather-apis/.venv/lib/python3.12/site-packages/django/core/handlers/exception.py", line 55, in inner
    response = get_response(request)
               ^^^^^^^^^^^^^^^^^^^^^
  File "/home/rahim/projects/weather-apis/.venv/lib/python3.12/site-packages/django/utils/deprecation.py", line 128, in __call__
    response = self.process_request(request)
               ^^^^^^^^^^^^^^^^^^^^^^^^^^^^^
  File "/home/rahim/projects/weather-apis/.venv/lib/python3.12/site-packages/django/middleware/common.py", line 48, in process_request
    host = request.get_host()
           ^^^^^^^^^^^^^^^^^^
  File "/home/rahim/projects/weather-apis/.venv/lib/python3.12/site-packages/django/http/request.py", line 151, in get_host
    raise DisallowedHost(msg)
django.core.exceptions.DisallowedHost: Invalid HTTP_HOST header: 'host.docker.internal:8000'. You may need to add 'host.docker.internal' to ALLOWED_HOSTS.
Invalid HTTP_HOST header: 'host.docker.internal:8000'. You may need to add 'host.docker.internal' to ALLOWED_HOSTS.
Traceback (most recent call last):
  File "/home/rahim/projects/weather-apis/.venv/lib/python3.12/site-packages/django/core/handlers/exception.py", line 55, in inner
    response = get_response(request)
               ^^^^^^^^^^^^^^^^^^^^^
  File "/home/rahim/projects/weather-apis/.venv/lib/python3.12/site-packages/django/utils/deprecation.py", line 128, in __call__
    response = self.process_request(request)
               ^^^^^^^^^^^^^^^^^^^^^^^^^^^^^
  File "/home/rahim/projects/weather-apis/.venv/lib/python3.12/site-packages/django/middleware/common.py", line 48, in process_request
    host = request.get_host()
           ^^^^^^^^^^^^^^^^^^
  File "/home/rahim/projects/weather-apis/.venv/lib/python3.12/site-packages/django/http/request.py", line 151, in get_host
    raise DisallowedHost(msg)
django.core.exceptions.DisallowedHost: Invalid HTTP_HOST header: 'host.docker.internal:8000'. You may need to add 'host.docker.internal' to ALLOWED_HOSTS.
Invalid HTTP_HOST header: 'host.docker.internal:8000'. You may need to add 'host.docker.internal' to ALLOWED_HOSTS.
Traceback (most recent call last):
  File "/home/rahim/projects/weather-apis/.venv/lib/python3.12/site-packages/django/core/handlers/exception.py", line 55, in inner
    response = get_response(request)
               ^^^^^^^^^^^^^^^^^^^^^
  File "/home/rahim/projects/weather-apis/.venv/lib/python3.12/site-packages/django/utils/deprecation.py", line 128, in __call__
    response = self.process_request(request)
               ^^^^^^^^^^^^^^^^^^^^^^^^^^^^^
  File "/home/rahim/projects/weather-apis/.venv/lib/python3.12/site-packages/django/middleware/common.py", line 48, in process_request
    host = request.get_host()
           ^^^^^^^^^^^^^^^^^^
  File "/home/rahim/projects/weather-apis/.venv/lib/python3.12/site-packages/django/http/request.py", line 151, in get_host
    raise DisallowedHost(msg)
django.core.exceptions.DisallowedHost: Invalid HTTP_HOST header: 'host.docker.internal:8000'. You may need to add 'host.docker.internal' to ALLOWED_HOSTS.
Invalid HTTP_HOST header: 'host.docker.internal:8000'. You may need to add 'host.docker.internal' to ALLOWED_HOSTS.
Traceback (most recent call last):
  File "/home/rahim/projects/weather-apis/.venv/lib/python3.12/site-packages/django/core/handlers/exception.py", line 55, in inner
    response = get_response(request)
               ^^^^^^^^^^^^^^^^^^^^^
  File "/home/rahim/projects/weather-apis/.venv/lib/python3.12/site-packages/django/utils/deprecation.py", line 128, in __call__
    response = self.process_request(request)
               ^^^^^^^^^^^^^^^^^^^^^^^^^^^^^
  File "/home/rahim/projects/weather-apis/.venv/lib/python3.12/site-packages/django/middleware/common.py", line 48, in process_request
    host = request.get_host()
           ^^^^^^^^^^^^^^^^^^
  File "/home/rahim/projects/weather-apis/.venv/lib/python3.12/site-packages/django/http/request.py", line 151, in get_host
    raise DisallowedHost(msg)
django.core.exceptions.DisallowedHost: Invalid HTTP_HOST header: 'host.docker.internal:8000'. You may need to add 'host.docker.internal' to ALLOWED_HOSTS.
Invalid HTTP_HOST header: 'host.docker.internal:8000'. You may need to add 'host.docker.internal' to ALLOWED_HOSTS.
Traceback (most recent call last):
  File "/home/rahim/projects/weather-apis/.venv/lib/python3.12/site-packages/django/core/handlers/exception.py", line 55, in inner
    response = get_response(request)
               ^^^^^^^^^^^^^^^^^^^^^
  File "/home/rahim/projects/weather-apis/.venv/lib/python3.12/site-packages/django/utils/deprecation.py", line 128, in __call__
    response = self.process_request(request)
               ^^^^^^^^^^^^^^^^^^^^^^^^^^^^^
  File "/home/rahim/projects/weather-apis/.venv/lib/python3.12/site-packages/django/middleware/common.py", line 48, in process_request
    host = request.get_host()
           ^^^^^^^^^^^^^^^^^^
  File "/home/rahim/projects/weather-apis/.venv/lib/python3.12/site-packages/django/http/request.py", line 151, in get_host
    raise DisallowedHost(msg)
django.core.exceptions.DisallowedHost: Invalid HTTP_HOST header: 'host.docker.internal:8000'. You may need to add 'host.docker.internal' to ALLOWED_HOSTS.
Invalid HTTP_HOST header: 'host.docker.internal:8000'. You may need to add 'host.docker.internal' to ALLOWED_HOSTS.
Traceback (most recent call last):
  File "/home/rahim/projects/weather-apis/.venv/lib/python3.12/site-packages/django/core/handlers/exception.py", line 55, in inner
    response = get_response(request)
               ^^^^^^^^^^^^^^^^^^^^^
  File "/home/rahim/projects/weather-apis/.venv/lib/python3.12/site-packages/django/utils/deprecation.py", line 128, in __call__
    response = self.process_request(request)
               ^^^^^^^^^^^^^^^^^^^^^^^^^^^^^
  File "/home/rahim/projects/weather-apis/.venv/lib/python3.12/site-packages/django/middleware/common.py", line 48, in process_request
    host = request.get_host()
           ^^^^^^^^^^^^^^^^^^
  File "/home/rahim/projects/weather-apis/.venv/lib/python3.12/site-packages/django/http/request.py", line 151, in get_host
    raise DisallowedHost(msg)
django.core.exceptions.DisallowedHost: Invalid HTTP_HOST header: 'host.docker.internal:8000'. You may need to add 'host.docker.internal' to ALLOWED_HOSTS.
Invalid HTTP_HOST header: 'host.docker.internal:8000'. You may need to add 'host.docker.internal' to ALLOWED_HOSTS.
Traceback (most recent call last):
  File "/home/rahim/projects/weather-apis/.venv/lib/python3.12/site-packages/django/core/handlers/exception.py", line 55, in inner
    response = get_response(request)
               ^^^^^^^^^^^^^^^^^^^^^
  File "/home/rahim/projects/weather-apis/.venv/lib/python3.12/site-packages/django/utils/deprecation.py", line 128, in __call__
    response = self.process_request(request)
               ^^^^^^^^^^^^^^^^^^^^^^^^^^^^^
  File "/home/rahim/projects/weather-apis/.venv/lib/python3.12/site-packages/django/middleware/common.py", line 48, in process_request
    host = request.get_host()
           ^^^^^^^^^^^^^^^^^^
  File "/home/rahim/projects/weather-apis/.venv/lib/python3.12/site-packages/django/http/request.py", line 151, in get_host
    raise DisallowedHost(msg)
django.core.exceptions.DisallowedHost: Invalid HTTP_HOST header: 'host.docker.internal:8000'. You may need to add 'host.docker.internal' to ALLOWED_HOSTS.
Invalid HTTP_HOST header: 'host.docker.internal:8000'. You may need to add 'host.docker.internal' to ALLOWED_HOSTS.
Traceback (most recent call last):
  File "/home/rahim/projects/weather-apis/.venv/lib/python3.12/site-packages/django/core/handlers/exception.py", line 55, in inner
    response = get_response(request)
               ^^^^^^^^^^^^^^^^^^^^^
  File "/home/rahim/projects/weather-apis/.venv/lib/python3.12/site-packages/django/utils/deprecation.py", line 128, in __call__
    response = self.process_request(request)
               ^^^^^^^^^^^^^^^^^^^^^^^^^^^^^
  File "/home/rahim/projects/weather-apis/.venv/lib/python3.12/site-packages/django/middleware/common.py", line 48, in process_request
    host = request.get_host()
           ^^^^^^^^^^^^^^^^^^
  File "/home/rahim/projects/weather-apis/.venv/lib/python3.12/site-packages/django/http/request.py", line 151, in get_host
    raise DisallowedHost(msg)
django.core.exceptions.DisallowedHost: Invalid HTTP_HOST header: 'host.docker.internal:8000'. You may need to add 'host.docker.internal' to ALLOWED_HOSTS.
Invalid HTTP_HOST header: 'host.docker.internal:8000'. You may need to add 'host.docker.internal' to ALLOWED_HOSTS.
Traceback (most recent call last):
  File "/home/rahim/projects/weather-apis/.venv/lib/python3.12/site-packages/django/core/handlers/exception.py", line 55, in inner
    response = get_response(request)
               ^^^^^^^^^^^^^^^^^^^^^
  File "/home/rahim/projects/weather-apis/.venv/lib/python3.12/site-packages/django/utils/deprecation.py", line 128, in __call__
    response = self.process_request(request)
               ^^^^^^^^^^^^^^^^^^^^^^^^^^^^^
  File "/home/rahim/projects/weather-apis/.venv/lib/python3.12/site-packages/django/middleware/common.py", line 48, in process_request
    host = request.get_host()
           ^^^^^^^^^^^^^^^^^^
  File "/home/rahim/projects/weather-apis/.venv/lib/python3.12/site-packages/django/http/request.py", line 151, in get_host
    raise DisallowedHost(msg)
django.core.exceptions.DisallowedHost: Invalid HTTP_HOST header: 'host.docker.internal:8000'. You may need to add 'host.docker.internal' to ALLOWED_HOSTS.
Invalid HTTP_HOST header: 'host.docker.internal:8000'. You may need to add 'host.docker.internal' to ALLOWED_HOSTS.
Traceback (most recent call last):
  File "/home/rahim/projects/weather-apis/.venv/lib/python3.12/site-packages/django/core/handlers/exception.py", line 55, in inner
    response = get_response(request)
               ^^^^^^^^^^^^^^^^^^^^^
  File "/home/rahim/projects/weather-apis/.venv/lib/python3.12/site-packages/django/utils/deprecation.py", line 128, in __call__
    response = self.process_request(request)
               ^^^^^^^^^^^^^^^^^^^^^^^^^^^^^
  File "/home/rahim/projects/weather-apis/.venv/lib/python3.12/site-packages/django/middleware/common.py", line 48, in process_request
    host = request.get_host()
           ^^^^^^^^^^^^^^^^^^
  File "/home/rahim/projects/weather-apis/.venv/lib/python3.12/site-packages/django/http/request.py", line 151, in get_host
    raise DisallowedHost(msg)
django.core.exceptions.DisallowedHost: Invalid HTTP_HOST header: 'host.docker.internal:8000'. You may need to add 'host.docker.internal' to ALLOWED_HOSTS.
Invalid HTTP_HOST header: 'host.docker.internal:8000'. You may need to add 'host.docker.internal' to ALLOWED_HOSTS.
Traceback (most recent call last):
  File "/home/rahim/projects/weather-apis/.venv/lib/python3.12/site-packages/django/core/handlers/exception.py", line 55, in inner
    response = get_response(request)
               ^^^^^^^^^^^^^^^^^^^^^
  File "/home/rahim/projects/weather-apis/.venv/lib/python3.12/site-packages/django/utils/deprecation.py", line 128, in __call__
    response = self.process_request(request)
               ^^^^^^^^^^^^^^^^^^^^^^^^^^^^^
  File "/home/rahim/projects/weather-apis/.venv/lib/python3.12/site-packages/django/middleware/common.py", line 48, in process_request
    host = request.get_host()
           ^^^^^^^^^^^^^^^^^^
  File "/home/rahim/projects/weather-apis/.venv/lib/python3.12/site-packages/django/http/request.py", line 151, in get_host
    raise DisallowedHost(msg)
django.core.exceptions.DisallowedHost: Invalid HTTP_HOST header: 'host.docker.internal:8000'. You may need to add 'host.docker.internal' to ALLOWED_HOSTS.
Invalid HTTP_HOST header: 'host.docker.internal:8000'. You may need to add 'host.docker.internal' to ALLOWED_HOSTS.
Traceback (most recent call last):
  File "/home/rahim/projects/weather-apis/.venv/lib/python3.12/site-packages/django/core/handlers/exception.py", line 55, in inner
    response = get_response(request)
               ^^^^^^^^^^^^^^^^^^^^^
  File "/home/rahim/projects/weather-apis/.venv/lib/python3.12/site-packages/django/utils/deprecation.py", line 128, in __call__
    response = self.process_request(request)
               ^^^^^^^^^^^^^^^^^^^^^^^^^^^^^
  File "/home/rahim/projects/weather-apis/.venv/lib/python3.12/site-packages/django/middleware/common.py", line 48, in process_request
    host = request.get_host()
           ^^^^^^^^^^^^^^^^^^
  File "/home/rahim/projects/weather-apis/.venv/lib/python3.12/site-packages/django/http/request.py", line 151, in get_host
    raise DisallowedHost(msg)
django.core.exceptions.DisallowedHost: Invalid HTTP_HOST header: 'host.docker.internal:8000'. You may need to add 'host.docker.internal' to ALLOWED_HOSTS.
Invalid HTTP_HOST header: 'host.docker.internal:8000'. You may need to add 'host.docker.internal' to ALLOWED_HOSTS.
Traceback (most recent call last):
  File "/home/rahim/projects/weather-apis/.venv/lib/python3.12/site-packages/django/core/handlers/exception.py", line 55, in inner
    response = get_response(request)
               ^^^^^^^^^^^^^^^^^^^^^
  File "/home/rahim/projects/weather-apis/.venv/lib/python3.12/site-packages/django/utils/deprecation.py", line 128, in __call__
    response = self.process_request(request)
               ^^^^^^^^^^^^^^^^^^^^^^^^^^^^^
  File "/home/rahim/projects/weather-apis/.venv/lib/python3.12/site-packages/django/middleware/common.py", line 48, in process_request
    host = request.get_host()
           ^^^^^^^^^^^^^^^^^^
  File "/home/rahim/projects/weather-apis/.venv/lib/python3.12/site-packages/django/http/request.py", line 151, in get_host
    raise DisallowedHost(msg)
django.core.exceptions.DisallowedHost: Invalid HTTP_HOST header: 'host.docker.internal:8000'. You may need to add 'host.docker.internal' to ALLOWED_HOSTS.
Invalid HTTP_HOST header: 'host.docker.internal:8000'. You may need to add 'host.docker.internal' to ALLOWED_HOSTS.
Traceback (most recent call last):
  File "/home/rahim/projects/weather-apis/.venv/lib/python3.12/site-packages/django/core/handlers/exception.py", line 55, in inner
    response = get_response(request)
               ^^^^^^^^^^^^^^^^^^^^^
  File "/home/rahim/projects/weather-apis/.venv/lib/python3.12/site-packages/django/utils/deprecation.py", line 128, in __call__
    response = self.process_request(request)
               ^^^^^^^^^^^^^^^^^^^^^^^^^^^^^
  File "/home/rahim/projects/weather-apis/.venv/lib/python3.12/site-packages/django/middleware/common.py", line 48, in process_request
    host = request.get_host()
           ^^^^^^^^^^^^^^^^^^
  File "/home/rahim/projects/weather-apis/.venv/lib/python3.12/site-packages/django/http/request.py", line 151, in get_host
    raise DisallowedHost(msg)
django.core.exceptions.DisallowedHost: Invalid HTTP_HOST header: 'host.docker.internal:8000'. You may need to add 'host.docker.internal' to ALLOWED_HOSTS.
Invalid HTTP_HOST header: 'host.docker.internal:8000'. You may need to add 'host.docker.internal' to ALLOWED_HOSTS.
Traceback (most recent call last):
  File "/home/rahim/projects/weather-apis/.venv/lib/python3.12/site-packages/django/core/handlers/exception.py", line 55, in inner
    response = get_response(request)
               ^^^^^^^^^^^^^^^^^^^^^
  File "/home/rahim/projects/weather-apis/.venv/lib/python3.12/site-packages/django/utils/deprecation.py", line 128, in __call__
    response = self.process_request(request)
               ^^^^^^^^^^^^^^^^^^^^^^^^^^^^^
  File "/home/rahim/projects/weather-apis/.venv/lib/python3.12/site-packages/django/middleware/common.py", line 48, in process_request
    host = request.get_host()
           ^^^^^^^^^^^^^^^^^^
  File "/home/rahim/projects/weather-apis/.venv/lib/python3.12/site-packages/django/http/request.py", line 151, in get_host
    raise DisallowedHost(msg)
django.core.exceptions.DisallowedHost: Invalid HTTP_HOST header: 'host.docker.internal:8000'. You may need to add 'host.docker.internal' to ALLOWED_HOSTS.
Invalid HTTP_HOST header: 'host.docker.internal:8000'. You may need to add 'host.docker.internal' to ALLOWED_HOSTS.
Traceback (most recent call last):
  File "/home/rahim/projects/weather-apis/.venv/lib/python3.12/site-packages/django/core/handlers/exception.py", line 55, in inner
    response = get_response(request)
               ^^^^^^^^^^^^^^^^^^^^^
  File "/home/rahim/projects/weather-apis/.venv/lib/python3.12/site-packages/django/utils/deprecation.py", line 128, in __call__
    response = self.process_request(request)
               ^^^^^^^^^^^^^^^^^^^^^^^^^^^^^
  File "/home/rahim/projects/weather-apis/.venv/lib/python3.12/site-packages/django/middleware/common.py", line 48, in process_request
    host = request.get_host()
           ^^^^^^^^^^^^^^^^^^
  File "/home/rahim/projects/weather-apis/.venv/lib/python3.12/site-packages/django/http/request.py", line 151, in get_host
    raise DisallowedHost(msg)
django.core.exceptions.DisallowedHost: Invalid HTTP_HOST header: 'host.docker.internal:8000'. You may need to add 'host.docker.internal' to ALLOWED_HOSTS.
Invalid HTTP_HOST header: 'host.docker.internal:8000'. You may need to add 'host.docker.internal' to ALLOWED_HOSTS.
Traceback (most recent call last):
  File "/home/rahim/projects/weather-apis/.venv/lib/python3.12/site-packages/django/core/handlers/exception.py", line 55, in inner
    response = get_response(request)
               ^^^^^^^^^^^^^^^^^^^^^
  File "/home/rahim/projects/weather-apis/.venv/lib/python3.12/site-packages/django/utils/deprecation.py", line 128, in __call__
    response = self.process_request(request)
               ^^^^^^^^^^^^^^^^^^^^^^^^^^^^^
  File "/home/rahim/projects/weather-apis/.venv/lib/python3.12/site-packages/django/middleware/common.py", line 48, in process_request
    host = request.get_host()
           ^^^^^^^^^^^^^^^^^^
  File "/home/rahim/projects/weather-apis/.venv/lib/python3.12/site-packages/django/http/request.py", line 151, in get_host
    raise DisallowedHost(msg)
django.core.exceptions.DisallowedHost: Invalid HTTP_HOST header: 'host.docker.internal:8000'. You may need to add 'host.docker.internal' to ALLOWED_HOSTS.
Invalid HTTP_HOST header: 'host.docker.internal:8000'. You may need to add 'host.docker.internal' to ALLOWED_HOSTS.
Traceback (most recent call last):
  File "/home/rahim/projects/weather-apis/.venv/lib/python3.12/site-packages/django/core/handlers/exception.py", line 55, in inner
    response = get_response(request)
               ^^^^^^^^^^^^^^^^^^^^^
  File "/home/rahim/projects/weather-apis/.venv/lib/python3.12/site-packages/django/utils/deprecation.py", line 128, in __call__
    response = self.process_request(request)
               ^^^^^^^^^^^^^^^^^^^^^^^^^^^^^
  File "/home/rahim/projects/weather-apis/.venv/lib/python3.12/site-packages/django/middleware/common.py", line 48, in process_request
    host = request.get_host()
           ^^^^^^^^^^^^^^^^^^
  File "/home/rahim/projects/weather-apis/.venv/lib/python3.12/site-packages/django/http/request.py", line 151, in get_host
    raise DisallowedHost(msg)
django.core.exceptions.DisallowedHost: Invalid HTTP_HOST header: 'host.docker.internal:8000'. You may need to add 'host.docker.internal' to ALLOWED_HOSTS.
Invalid HTTP_HOST header: 'host.docker.internal:8000'. You may need to add 'host.docker.internal' to ALLOWED_HOSTS.
Traceback (most recent call last):
  File "/home/rahim/projects/weather-apis/.venv/lib/python3.12/site-packages/django/core/handlers/exception.py", line 55, in inner
    response = get_response(request)
               ^^^^^^^^^^^^^^^^^^^^^
  File "/home/rahim/projects/weather-apis/.venv/lib/python3.12/site-packages/django/utils/deprecation.py", line 128, in __call__
    response = self.process_request(request)
               ^^^^^^^^^^^^^^^^^^^^^^^^^^^^^
  File "/home/rahim/projects/weather-apis/.venv/lib/python3.12/site-packages/django/middleware/common.py", line 48, in process_request
    host = request.get_host()
           ^^^^^^^^^^^^^^^^^^
  File "/home/rahim/projects/weather-apis/.venv/lib/python3.12/site-packages/django/http/request.py", line 151, in get_host
    raise DisallowedHost(msg)
django.core.exceptions.DisallowedHost: Invalid HTTP_HOST header: 'host.docker.internal:8000'. You may need to add 'host.docker.internal' to ALLOWED_HOSTS.
Invalid HTTP_HOST header: 'host.docker.internal:8000'. You may need to add 'host.docker.internal' to ALLOWED_HOSTS.
Traceback (most recent call last):
  File "/home/rahim/projects/weather-apis/.venv/lib/python3.12/site-packages/django/core/handlers/exception.py", line 55, in inner
    response = get_response(request)
               ^^^^^^^^^^^^^^^^^^^^^
  File "/home/rahim/projects/weather-apis/.venv/lib/python3.12/site-packages/django/utils/deprecation.py", line 128, in __call__
    response = self.process_request(request)
               ^^^^^^^^^^^^^^^^^^^^^^^^^^^^^
  File "/home/rahim/projects/weather-apis/.venv/lib/python3.12/site-packages/django/middleware/common.py", line 48, in process_request
    host = request.get_host()
           ^^^^^^^^^^^^^^^^^^
  File "/home/rahim/projects/weather-apis/.venv/lib/python3.12/site-packages/django/http/request.py", line 151, in get_host
    raise DisallowedHost(msg)
django.core.exceptions.DisallowedHost: Invalid HTTP_HOST header: 'host.docker.internal:8000'. You may need to add 'host.docker.internal' to ALLOWED_HOSTS.
Invalid HTTP_HOST header: 'host.docker.internal:8000'. You may need to add 'host.docker.internal' to ALLOWED_HOSTS.
Traceback (most recent call last):
  File "/home/rahim/projects/weather-apis/.venv/lib/python3.12/site-packages/django/core/handlers/exception.py", line 55, in inner
    response = get_response(request)
               ^^^^^^^^^^^^^^^^^^^^^
  File "/home/rahim/projects/weather-apis/.venv/lib/python3.12/site-packages/django/utils/deprecation.py", line 128, in __call__
    response = self.process_request(request)
               ^^^^^^^^^^^^^^^^^^^^^^^^^^^^^
  File "/home/rahim/projects/weather-apis/.venv/lib/python3.12/site-packages/django/middleware/common.py", line 48, in process_request
    host = request.get_host()
           ^^^^^^^^^^^^^^^^^^
  File "/home/rahim/projects/weather-apis/.venv/lib/python3.12/site-packages/django/http/request.py", line 151, in get_host
    raise DisallowedHost(msg)
django.core.exceptions.DisallowedHost: Invalid HTTP_HOST header: 'host.docker.internal:8000'. You may need to add 'host.docker.internal' to ALLOWED_HOSTS.
Invalid HTTP_HOST header: 'host.docker.internal:8000'. You may need to add 'host.docker.internal' to ALLOWED_HOSTS.
Traceback (most recent call last):
  File "/home/rahim/projects/weather-apis/.venv/lib/python3.12/site-packages/django/core/handlers/exception.py", line 55, in inner
    response = get_response(request)
               ^^^^^^^^^^^^^^^^^^^^^
  File "/home/rahim/projects/weather-apis/.venv/lib/python3.12/site-packages/django/utils/deprecation.py", line 128, in __call__
    response = self.process_request(request)
               ^^^^^^^^^^^^^^^^^^^^^^^^^^^^^
  File "/home/rahim/projects/weather-apis/.venv/lib/python3.12/site-packages/django/middleware/common.py", line 48, in process_request
    host = request.get_host()
           ^^^^^^^^^^^^^^^^^^
  File "/home/rahim/projects/weather-apis/.venv/lib/python3.12/site-packages/django/http/request.py", line 151, in get_host
    raise DisallowedHost(msg)
django.core.exceptions.DisallowedHost: Invalid HTTP_HOST header: 'host.docker.internal:8000'. You may need to add 'host.docker.internal' to ALLOWED_HOSTS.
Invalid HTTP_HOST header: 'host.docker.internal:8000'. You may need to add 'host.docker.internal' to ALLOWED_HOSTS.
Traceback (most recent call last):
  File "/home/rahim/projects/weather-apis/.venv/lib/python3.12/site-packages/django/core/handlers/exception.py", line 55, in inner
    response = get_response(request)
               ^^^^^^^^^^^^^^^^^^^^^
  File "/home/rahim/projects/weather-apis/.venv/lib/python3.12/site-packages/django/utils/deprecation.py", line 128, in __call__
    response = self.process_request(request)
               ^^^^^^^^^^^^^^^^^^^^^^^^^^^^^
  File "/home/rahim/projects/weather-apis/.venv/lib/python3.12/site-packages/django/middleware/common.py", line 48, in process_request
    host = request.get_host()
           ^^^^^^^^^^^^^^^^^^
  File "/home/rahim/projects/weather-apis/.venv/lib/python3.12/site-packages/django/http/request.py", line 151, in get_host
    raise DisallowedHost(msg)
django.core.exceptions.DisallowedHost: Invalid HTTP_HOST header: 'host.docker.internal:8000'. You may need to add 'host.docker.internal' to ALLOWED_HOSTS.
Invalid HTTP_HOST header: 'host.docker.internal:8000'. You may need to add 'host.docker.internal' to ALLOWED_HOSTS.
Traceback (most recent call last):
  File "/home/rahim/projects/weather-apis/.venv/lib/python3.12/site-packages/django/core/handlers/exception.py", line 55, in inner
    response = get_response(request)
               ^^^^^^^^^^^^^^^^^^^^^
  File "/home/rahim/projects/weather-apis/.venv/lib/python3.12/site-packages/django/utils/deprecation.py", line 128, in __call__
    response = self.process_request(request)
               ^^^^^^^^^^^^^^^^^^^^^^^^^^^^^
  File "/home/rahim/projects/weather-apis/.venv/lib/python3.12/site-packages/django/middleware/common.py", line 48, in process_request
    host = request.get_host()
           ^^^^^^^^^^^^^^^^^^
  File "/home/rahim/projects/weather-apis/.venv/lib/python3.12/site-packages/django/http/request.py", line 151, in get_host
    raise DisallowedHost(msg)
django.core.exceptions.DisallowedHost: Invalid HTTP_HOST header: 'host.docker.internal:8000'. You may need to add 'host.docker.internal' to ALLOWED_HOSTS.
Invalid HTTP_HOST header: 'host.docker.internal:8000'. You may need to add 'host.docker.internal' to ALLOWED_HOSTS.
Traceback (most recent call last):
  File "/home/rahim/projects/weather-apis/.venv/lib/python3.12/site-packages/django/core/handlers/exception.py", line 55, in inner
    response = get_response(request)
               ^^^^^^^^^^^^^^^^^^^^^
  File "/home/rahim/projects/weather-apis/.venv/lib/python3.12/site-packages/django/utils/deprecation.py", line 128, in __call__
    response = self.process_request(request)
               ^^^^^^^^^^^^^^^^^^^^^^^^^^^^^
  File "/home/rahim/projects/weather-apis/.venv/lib/python3.12/site-packages/django/middleware/common.py", line 48, in process_request
    host = request.get_host()
           ^^^^^^^^^^^^^^^^^^
  File "/home/rahim/projects/weather-apis/.venv/lib/python3.12/site-packages/django/http/request.py", line 151, in get_host
    raise DisallowedHost(msg)
django.core.exceptions.DisallowedHost: Invalid HTTP_HOST header: 'host.docker.internal:8000'. You may need to add 'host.docker.internal' to ALLOWED_HOSTS.
Invalid HTTP_HOST header: 'host.docker.internal:8000'. You may need to add 'host.docker.internal' to ALLOWED_HOSTS.
Traceback (most recent call last):
  File "/home/rahim/projects/weather-apis/.venv/lib/python3.12/site-packages/django/core/handlers/exception.py", line 55, in inner
    response = get_response(request)
               ^^^^^^^^^^^^^^^^^^^^^
  File "/home/rahim/projects/weather-apis/.venv/lib/python3.12/site-packages/django/utils/deprecation.py", line 128, in __call__
    response = self.process_request(request)
               ^^^^^^^^^^^^^^^^^^^^^^^^^^^^^
  File "/home/rahim/projects/weather-apis/.venv/lib/python3.12/site-packages/django/middleware/common.py", line 48, in process_request
    host = request.get_host()
           ^^^^^^^^^^^^^^^^^^
  File "/home/rahim/projects/weather-apis/.venv/lib/python3.12/site-packages/django/http/request.py", line 151, in get_host
    raise DisallowedHost(msg)
django.core.exceptions.DisallowedHost: Invalid HTTP_HOST header: 'host.docker.internal:8000'. You may need to add 'host.docker.internal' to ALLOWED_HOSTS.
Invalid HTTP_HOST header: 'host.docker.internal:8000'. You may need to add 'host.docker.internal' to ALLOWED_HOSTS.
Traceback (most recent call last):
  File "/home/rahim/projects/weather-apis/.venv/lib/python3.12/site-packages/django/core/handlers/exception.py", line 55, in inner
    response = get_response(request)
               ^^^^^^^^^^^^^^^^^^^^^
  File "/home/rahim/projects/weather-apis/.venv/lib/python3.12/site-packages/django/utils/deprecation.py", line 128, in __call__
    response = self.process_request(request)
               ^^^^^^^^^^^^^^^^^^^^^^^^^^^^^
  File "/home/rahim/projects/weather-apis/.venv/lib/python3.12/site-packages/django/middleware/common.py", line 48, in process_request
    host = request.get_host()
           ^^^^^^^^^^^^^^^^^^
  File "/home/rahim/projects/weather-apis/.venv/lib/python3.12/site-packages/django/http/request.py", line 151, in get_host
    raise DisallowedHost(msg)
django.core.exceptions.DisallowedHost: Invalid HTTP_HOST header: 'host.docker.internal:8000'. You may need to add 'host.docker.internal' to ALLOWED_HOSTS.
Invalid HTTP_HOST header: 'host.docker.internal:8000'. You may need to add 'host.docker.internal' to ALLOWED_HOSTS.
Traceback (most recent call last):
  File "/home/rahim/projects/weather-apis/.venv/lib/python3.12/site-packages/django/core/handlers/exception.py", line 55, in inner
    response = get_response(request)
               ^^^^^^^^^^^^^^^^^^^^^
  File "/home/rahim/projects/weather-apis/.venv/lib/python3.12/site-packages/django/utils/deprecation.py", line 128, in __call__
    response = self.process_request(request)
               ^^^^^^^^^^^^^^^^^^^^^^^^^^^^^
  File "/home/rahim/projects/weather-apis/.venv/lib/python3.12/site-packages/django/middleware/common.py", line 48, in process_request
    host = request.get_host()
           ^^^^^^^^^^^^^^^^^^
  File "/home/rahim/projects/weather-apis/.venv/lib/python3.12/site-packages/django/http/request.py", line 151, in get_host
    raise DisallowedHost(msg)
django.core.exceptions.DisallowedHost: Invalid HTTP_HOST header: 'host.docker.internal:8000'. You may need to add 'host.docker.internal' to ALLOWED_HOSTS.
Invalid HTTP_HOST header: 'host.docker.internal:8000'. You may need to add 'host.docker.internal' to ALLOWED_HOSTS.
Traceback (most recent call last):
  File "/home/rahim/projects/weather-apis/.venv/lib/python3.12/site-packages/django/core/handlers/exception.py", line 55, in inner
    response = get_response(request)
               ^^^^^^^^^^^^^^^^^^^^^
  File "/home/rahim/projects/weather-apis/.venv/lib/python3.12/site-packages/django/utils/deprecation.py", line 128, in __call__
    response = self.process_request(request)
               ^^^^^^^^^^^^^^^^^^^^^^^^^^^^^
  File "/home/rahim/projects/weather-apis/.venv/lib/python3.12/site-packages/django/middleware/common.py", line 48, in process_request
    host = request.get_host()
           ^^^^^^^^^^^^^^^^^^
  File "/home/rahim/projects/weather-apis/.venv/lib/python3.12/site-packages/django/http/request.py", line 151, in get_host
    raise DisallowedHost(msg)
django.core.exceptions.DisallowedHost: Invalid HTTP_HOST header: 'host.docker.internal:8000'. You may need to add 'host.docker.internal' to ALLOWED_HOSTS.
Invalid HTTP_HOST header: 'host.docker.internal:8000'. You may need to add 'host.docker.internal' to ALLOWED_HOSTS.
Traceback (most recent call last):
  File "/home/rahim/projects/weather-apis/.venv/lib/python3.12/site-packages/django/core/handlers/exception.py", line 55, in inner
    response = get_response(request)
               ^^^^^^^^^^^^^^^^^^^^^
  File "/home/rahim/projects/weather-apis/.venv/lib/python3.12/site-packages/django/utils/deprecation.py", line 128, in __call__
    response = self.process_request(request)
               ^^^^^^^^^^^^^^^^^^^^^^^^^^^^^
  File "/home/rahim/projects/weather-apis/.venv/lib/python3.12/site-packages/django/middleware/common.py", line 48, in process_request
    host = request.get_host()
           ^^^^^^^^^^^^^^^^^^
  File "/home/rahim/projects/weather-apis/.venv/lib/python3.12/site-packages/django/http/request.py", line 151, in get_host
    raise DisallowedHost(msg)
django.core.exceptions.DisallowedHost: Invalid HTTP_HOST header: 'host.docker.internal:8000'. You may need to add 'host.docker.internal' to ALLOWED_HOSTS.
Invalid HTTP_HOST header: 'host.docker.internal:8000'. You may need to add 'host.docker.internal' to ALLOWED_HOSTS.
Traceback (most recent call last):
  File "/home/rahim/projects/weather-apis/.venv/lib/python3.12/site-packages/django/core/handlers/exception.py", line 55, in inner
    response = get_response(request)
               ^^^^^^^^^^^^^^^^^^^^^
  File "/home/rahim/projects/weather-apis/.venv/lib/python3.12/site-packages/django/utils/deprecation.py", line 128, in __call__
    response = self.process_request(request)
               ^^^^^^^^^^^^^^^^^^^^^^^^^^^^^
  File "/home/rahim/projects/weather-apis/.venv/lib/python3.12/site-packages/django/middleware/common.py", line 48, in process_request
    host = request.get_host()
           ^^^^^^^^^^^^^^^^^^
  File "/home/rahim/projects/weather-apis/.venv/lib/python3.12/site-packages/django/http/request.py", line 151, in get_host
    raise DisallowedHost(msg)
django.core.exceptions.DisallowedHost: Invalid HTTP_HOST header: 'host.docker.internal:8000'. You may need to add 'host.docker.internal' to ALLOWED_HOSTS.
Invalid HTTP_HOST header: 'host.docker.internal:8000'. You may need to add 'host.docker.internal' to ALLOWED_HOSTS.
Traceback (most recent call last):
  File "/home/rahim/projects/weather-apis/.venv/lib/python3.12/site-packages/django/core/handlers/exception.py", line 55, in inner
    response = get_response(request)
               ^^^^^^^^^^^^^^^^^^^^^
  File "/home/rahim/projects/weather-apis/.venv/lib/python3.12/site-packages/django/utils/deprecation.py", line 128, in __call__
    response = self.process_request(request)
               ^^^^^^^^^^^^^^^^^^^^^^^^^^^^^
  File "/home/rahim/projects/weather-apis/.venv/lib/python3.12/site-packages/django/middleware/common.py", line 48, in process_request
    host = request.get_host()
           ^^^^^^^^^^^^^^^^^^
  File "/home/rahim/projects/weather-apis/.venv/lib/python3.12/site-packages/django/http/request.py", line 151, in get_host
    raise DisallowedHost(msg)
django.core.exceptions.DisallowedHost: Invalid HTTP_HOST header: 'host.docker.internal:8000'. You may need to add 'host.docker.internal' to ALLOWED_HOSTS.
Invalid HTTP_HOST header: 'host.docker.internal:8000'. You may need to add 'host.docker.internal' to ALLOWED_HOSTS.
Traceback (most recent call last):
  File "/home/rahim/projects/weather-apis/.venv/lib/python3.12/site-packages/django/core/handlers/exception.py", line 55, in inner
    response = get_response(request)
               ^^^^^^^^^^^^^^^^^^^^^
  File "/home/rahim/projects/weather-apis/.venv/lib/python3.12/site-packages/django/utils/deprecation.py", line 128, in __call__
    response = self.process_request(request)
               ^^^^^^^^^^^^^^^^^^^^^^^^^^^^^
  File "/home/rahim/projects/weather-apis/.venv/lib/python3.12/site-packages/django/middleware/common.py", line 48, in process_request
    host = request.get_host()
           ^^^^^^^^^^^^^^^^^^
  File "/home/rahim/projects/weather-apis/.venv/lib/python3.12/site-packages/django/http/request.py", line 151, in get_host
    raise DisallowedHost(msg)
django.core.exceptions.DisallowedHost: Invalid HTTP_HOST header: 'host.docker.internal:8000'. You may need to add 'host.docker.internal' to ALLOWED_HOSTS.
Invalid HTTP_HOST header: 'host.docker.internal:8000'. You may need to add 'host.docker.internal' to ALLOWED_HOSTS.
Traceback (most recent call last):
  File "/home/rahim/projects/weather-apis/.venv/lib/python3.12/site-packages/django/core/handlers/exception.py", line 55, in inner
    response = get_response(request)
               ^^^^^^^^^^^^^^^^^^^^^
  File "/home/rahim/projects/weather-apis/.venv/lib/python3.12/site-packages/django/utils/deprecation.py", line 128, in __call__
    response = self.process_request(request)
               ^^^^^^^^^^^^^^^^^^^^^^^^^^^^^
  File "/home/rahim/projects/weather-apis/.venv/lib/python3.12/site-packages/django/middleware/common.py", line 48, in process_request
    host = request.get_host()
           ^^^^^^^^^^^^^^^^^^
  File "/home/rahim/projects/weather-apis/.venv/lib/python3.12/site-packages/django/http/request.py", line 151, in get_host
    raise DisallowedHost(msg)
django.core.exceptions.DisallowedHost: Invalid HTTP_HOST header: 'host.docker.internal:8000'. You may need to add 'host.docker.internal' to ALLOWED_HOSTS.
Invalid HTTP_HOST header: 'host.docker.internal:8000'. You may need to add 'host.docker.internal' to ALLOWED_HOSTS.
Traceback (most recent call last):
  File "/home/rahim/projects/weather-apis/.venv/lib/python3.12/site-packages/django/core/handlers/exception.py", line 55, in inner
    response = get_response(request)
               ^^^^^^^^^^^^^^^^^^^^^
  File "/home/rahim/projects/weather-apis/.venv/lib/python3.12/site-packages/django/utils/deprecation.py", line 128, in __call__
    response = self.process_request(request)
               ^^^^^^^^^^^^^^^^^^^^^^^^^^^^^
  File "/home/rahim/projects/weather-apis/.venv/lib/python3.12/site-packages/django/middleware/common.py", line 48, in process_request
    host = request.get_host()
           ^^^^^^^^^^^^^^^^^^
  File "/home/rahim/projects/weather-apis/.venv/lib/python3.12/site-packages/django/http/request.py", line 151, in get_host
    raise DisallowedHost(msg)
django.core.exceptions.DisallowedHost: Invalid HTTP_HOST header: 'host.docker.internal:8000'. You may need to add 'host.docker.internal' to ALLOWED_HOSTS.
Invalid HTTP_HOST header: 'host.docker.internal:8000'. You may need to add 'host.docker.internal' to ALLOWED_HOSTS.
Traceback (most recent call last):
  File "/home/rahim/projects/weather-apis/.venv/lib/python3.12/site-packages/django/core/handlers/exception.py", line 55, in inner
    response = get_response(request)
               ^^^^^^^^^^^^^^^^^^^^^
  File "/home/rahim/projects/weather-apis/.venv/lib/python3.12/site-packages/django/utils/deprecation.py", line 128, in __call__
    response = self.process_request(request)
               ^^^^^^^^^^^^^^^^^^^^^^^^^^^^^
  File "/home/rahim/projects/weather-apis/.venv/lib/python3.12/site-packages/django/middleware/common.py", line 48, in process_request
    host = request.get_host()
           ^^^^^^^^^^^^^^^^^^
  File "/home/rahim/projects/weather-apis/.venv/lib/python3.12/site-packages/django/http/request.py", line 151, in get_host
    raise DisallowedHost(msg)
django.core.exceptions.DisallowedHost: Invalid HTTP_HOST header: 'host.docker.internal:8000'. You may need to add 'host.docker.internal' to ALLOWED_HOSTS.
Invalid HTTP_HOST header: 'host.docker.internal:8000'. You may need to add 'host.docker.internal' to ALLOWED_HOSTS.
Traceback (most recent call last):
  File "/home/rahim/projects/weather-apis/.venv/lib/python3.12/site-packages/django/core/handlers/exception.py", line 55, in inner
    response = get_response(request)
               ^^^^^^^^^^^^^^^^^^^^^
  File "/home/rahim/projects/weather-apis/.venv/lib/python3.12/site-packages/django/utils/deprecation.py", line 128, in __call__
    response = self.process_request(request)
               ^^^^^^^^^^^^^^^^^^^^^^^^^^^^^
  File "/home/rahim/projects/weather-apis/.venv/lib/python3.12/site-packages/django/middleware/common.py", line 48, in process_request
    host = request.get_host()
           ^^^^^^^^^^^^^^^^^^
  File "/home/rahim/projects/weather-apis/.venv/lib/python3.12/site-packages/django/http/request.py", line 151, in get_host
    raise DisallowedHost(msg)
django.core.exceptions.DisallowedHost: Invalid HTTP_HOST header: 'host.docker.internal:8000'. You may need to add 'host.docker.internal' to ALLOWED_HOSTS.
Invalid HTTP_HOST header: 'host.docker.internal:8000'. You may need to add 'host.docker.internal' to ALLOWED_HOSTS.
Traceback (most recent call last):
  File "/home/rahim/projects/weather-apis/.venv/lib/python3.12/site-packages/django/core/handlers/exception.py", line 55, in inner
    response = get_response(request)
               ^^^^^^^^^^^^^^^^^^^^^
  File "/home/rahim/projects/weather-apis/.venv/lib/python3.12/site-packages/django/utils/deprecation.py", line 128, in __call__
    response = self.process_request(request)
               ^^^^^^^^^^^^^^^^^^^^^^^^^^^^^
  File "/home/rahim/projects/weather-apis/.venv/lib/python3.12/site-packages/django/middleware/common.py", line 48, in process_request
    host = request.get_host()
           ^^^^^^^^^^^^^^^^^^
  File "/home/rahim/projects/weather-apis/.venv/lib/python3.12/site-packages/django/http/request.py", line 151, in get_host
    raise DisallowedHost(msg)
django.core.exceptions.DisallowedHost: Invalid HTTP_HOST header: 'host.docker.internal:8000'. You may need to add 'host.docker.internal' to ALLOWED_HOSTS.
Invalid HTTP_HOST header: 'host.docker.internal:8000'. You may need to add 'host.docker.internal' to ALLOWED_HOSTS.
Traceback (most recent call last):
  File "/home/rahim/projects/weather-apis/.venv/lib/python3.12/site-packages/django/core/handlers/exception.py", line 55, in inner
    response = get_response(request)
               ^^^^^^^^^^^^^^^^^^^^^
  File "/home/rahim/projects/weather-apis/.venv/lib/python3.12/site-packages/django/utils/deprecation.py", line 128, in __call__
    response = self.process_request(request)
               ^^^^^^^^^^^^^^^^^^^^^^^^^^^^^
  File "/home/rahim/projects/weather-apis/.venv/lib/python3.12/site-packages/django/middleware/common.py", line 48, in process_request
    host = request.get_host()
           ^^^^^^^^^^^^^^^^^^
  File "/home/rahim/projects/weather-apis/.venv/lib/python3.12/site-packages/django/http/request.py", line 151, in get_host
    raise DisallowedHost(msg)
django.core.exceptions.DisallowedHost: Invalid HTTP_HOST header: 'host.docker.internal:8000'. You may need to add 'host.docker.internal' to ALLOWED_HOSTS.
Invalid HTTP_HOST header: 'host.docker.internal:8000'. You may need to add 'host.docker.internal' to ALLOWED_HOSTS.
Traceback (most recent call last):
  File "/home/rahim/projects/weather-apis/.venv/lib/python3.12/site-packages/django/core/handlers/exception.py", line 55, in inner
    response = get_response(request)
               ^^^^^^^^^^^^^^^^^^^^^
  File "/home/rahim/projects/weather-apis/.venv/lib/python3.12/site-packages/django/utils/deprecation.py", line 128, in __call__
    response = self.process_request(request)
               ^^^^^^^^^^^^^^^^^^^^^^^^^^^^^
  File "/home/rahim/projects/weather-apis/.venv/lib/python3.12/site-packages/django/middleware/common.py", line 48, in process_request
    host = request.get_host()
           ^^^^^^^^^^^^^^^^^^
  File "/home/rahim/projects/weather-apis/.venv/lib/python3.12/site-packages/django/http/request.py", line 151, in get_host
    raise DisallowedHost(msg)
django.core.exceptions.DisallowedHost: Invalid HTTP_HOST header: 'host.docker.internal:8000'. You may need to add 'host.docker.internal' to ALLOWED_HOSTS.
Invalid HTTP_HOST header: 'host.docker.internal:8000'. You may need to add 'host.docker.internal' to ALLOWED_HOSTS.
Traceback (most recent call last):
  File "/home/rahim/projects/weather-apis/.venv/lib/python3.12/site-packages/django/core/handlers/exception.py", line 55, in inner
    response = get_response(request)
               ^^^^^^^^^^^^^^^^^^^^^
  File "/home/rahim/projects/weather-apis/.venv/lib/python3.12/site-packages/django/utils/deprecation.py", line 128, in __call__
    response = self.process_request(request)
               ^^^^^^^^^^^^^^^^^^^^^^^^^^^^^
  File "/home/rahim/projects/weather-apis/.venv/lib/python3.12/site-packages/django/middleware/common.py", line 48, in process_request
    host = request.get_host()
           ^^^^^^^^^^^^^^^^^^
  File "/home/rahim/projects/weather-apis/.venv/lib/python3.12/site-packages/django/http/request.py", line 151, in get_host
    raise DisallowedHost(msg)
django.core.exceptions.DisallowedHost: Invalid HTTP_HOST header: 'host.docker.internal:8000'. You may need to add 'host.docker.internal' to ALLOWED_HOSTS.
Invalid HTTP_HOST header: 'host.docker.internal:8000'. You may need to add 'host.docker.internal' to ALLOWED_HOSTS.
Traceback (most recent call last):
  File "/home/rahim/projects/weather-apis/.venv/lib/python3.12/site-packages/django/core/handlers/exception.py", line 55, in inner
    response = get_response(request)
               ^^^^^^^^^^^^^^^^^^^^^
  File "/home/rahim/projects/weather-apis/.venv/lib/python3.12/site-packages/django/utils/deprecation.py", line 128, in __call__
    response = self.process_request(request)
               ^^^^^^^^^^^^^^^^^^^^^^^^^^^^^
  File "/home/rahim/projects/weather-apis/.venv/lib/python3.12/site-packages/django/middleware/common.py", line 48, in process_request
    host = request.get_host()
           ^^^^^^^^^^^^^^^^^^
  File "/home/rahim/projects/weather-apis/.venv/lib/python3.12/site-packages/django/http/request.py", line 151, in get_host
    raise DisallowedHost(msg)
django.core.exceptions.DisallowedHost: Invalid HTTP_HOST header: 'host.docker.internal:8000'. You may need to add 'host.docker.internal' to ALLOWED_HOSTS.
Invalid HTTP_HOST header: 'host.docker.internal:8000'. You may need to add 'host.docker.internal' to ALLOWED_HOSTS.
Traceback (most recent call last):
  File "/home/rahim/projects/weather-apis/.venv/lib/python3.12/site-packages/django/core/handlers/exception.py", line 55, in inner
    response = get_response(request)
               ^^^^^^^^^^^^^^^^^^^^^
  File "/home/rahim/projects/weather-apis/.venv/lib/python3.12/site-packages/django/utils/deprecation.py", line 128, in __call__
    response = self.process_request(request)
               ^^^^^^^^^^^^^^^^^^^^^^^^^^^^^
  File "/home/rahim/projects/weather-apis/.venv/lib/python3.12/site-packages/django/middleware/common.py", line 48, in process_request
    host = request.get_host()
           ^^^^^^^^^^^^^^^^^^
  File "/home/rahim/projects/weather-apis/.venv/lib/python3.12/site-packages/django/http/request.py", line 151, in get_host
    raise DisallowedHost(msg)
django.core.exceptions.DisallowedHost: Invalid HTTP_HOST header: 'host.docker.internal:8000'. You may need to add 'host.docker.internal' to ALLOWED_HOSTS.
Invalid HTTP_HOST header: 'host.docker.internal:8000'. You may need to add 'host.docker.internal' to ALLOWED_HOSTS.
Traceback (most recent call last):
  File "/home/rahim/projects/weather-apis/.venv/lib/python3.12/site-packages/django/core/handlers/exception.py", line 55, in inner
    response = get_response(request)
               ^^^^^^^^^^^^^^^^^^^^^
  File "/home/rahim/projects/weather-apis/.venv/lib/python3.12/site-packages/django/utils/deprecation.py", line 128, in __call__
    response = self.process_request(request)
               ^^^^^^^^^^^^^^^^^^^^^^^^^^^^^
  File "/home/rahim/projects/weather-apis/.venv/lib/python3.12/site-packages/django/middleware/common.py", line 48, in process_request
    host = request.get_host()
           ^^^^^^^^^^^^^^^^^^
  File "/home/rahim/projects/weather-apis/.venv/lib/python3.12/site-packages/django/http/request.py", line 151, in get_host
    raise DisallowedHost(msg)
django.core.exceptions.DisallowedHost: Invalid HTTP_HOST header: 'host.docker.internal:8000'. You may need to add 'host.docker.internal' to ALLOWED_HOSTS.
Invalid HTTP_HOST header: 'host.docker.internal:8000'. You may need to add 'host.docker.internal' to ALLOWED_HOSTS.
Traceback (most recent call last):
  File "/home/rahim/projects/weather-apis/.venv/lib/python3.12/site-packages/django/core/handlers/exception.py", line 55, in inner
    response = get_response(request)
               ^^^^^^^^^^^^^^^^^^^^^
  File "/home/rahim/projects/weather-apis/.venv/lib/python3.12/site-packages/django/utils/deprecation.py", line 128, in __call__
    response = self.process_request(request)
               ^^^^^^^^^^^^^^^^^^^^^^^^^^^^^
  File "/home/rahim/projects/weather-apis/.venv/lib/python3.12/site-packages/django/middleware/common.py", line 48, in process_request
    host = request.get_host()
           ^^^^^^^^^^^^^^^^^^
  File "/home/rahim/projects/weather-apis/.venv/lib/python3.12/site-packages/django/http/request.py", line 151, in get_host
    raise DisallowedHost(msg)
django.core.exceptions.DisallowedHost: Invalid HTTP_HOST header: 'host.docker.internal:8000'. You may need to add 'host.docker.internal' to ALLOWED_HOSTS.
Invalid HTTP_HOST header: 'host.docker.internal:8000'. You may need to add 'host.docker.internal' to ALLOWED_HOSTS.
Traceback (most recent call last):
  File "/home/rahim/projects/weather-apis/.venv/lib/python3.12/site-packages/django/core/handlers/exception.py", line 55, in inner
    response = get_response(request)
               ^^^^^^^^^^^^^^^^^^^^^
  File "/home/rahim/projects/weather-apis/.venv/lib/python3.12/site-packages/django/utils/deprecation.py", line 128, in __call__
    response = self.process_request(request)
               ^^^^^^^^^^^^^^^^^^^^^^^^^^^^^
  File "/home/rahim/projects/weather-apis/.venv/lib/python3.12/site-packages/django/middleware/common.py", line 48, in process_request
    host = request.get_host()
           ^^^^^^^^^^^^^^^^^^
  File "/home/rahim/projects/weather-apis/.venv/lib/python3.12/site-packages/django/http/request.py", line 151, in get_host
    raise DisallowedHost(msg)
django.core.exceptions.DisallowedHost: Invalid HTTP_HOST header: 'host.docker.internal:8000'. You may need to add 'host.docker.internal' to ALLOWED_HOSTS.
Invalid HTTP_HOST header: 'host.docker.internal:8000'. You may need to add 'host.docker.internal' to ALLOWED_HOSTS.
Traceback (most recent call last):
  File "/home/rahim/projects/weather-apis/.venv/lib/python3.12/site-packages/django/core/handlers/exception.py", line 55, in inner
    response = get_response(request)
               ^^^^^^^^^^^^^^^^^^^^^
  File "/home/rahim/projects/weather-apis/.venv/lib/python3.12/site-packages/django/utils/deprecation.py", line 128, in __call__
    response = self.process_request(request)
               ^^^^^^^^^^^^^^^^^^^^^^^^^^^^^
  File "/home/rahim/projects/weather-apis/.venv/lib/python3.12/site-packages/django/middleware/common.py", line 48, in process_request
    host = request.get_host()
           ^^^^^^^^^^^^^^^^^^
  File "/home/rahim/projects/weather-apis/.venv/lib/python3.12/site-packages/django/http/request.py", line 151, in get_host
    raise DisallowedHost(msg)
django.core.exceptions.DisallowedHost: Invalid HTTP_HOST header: 'host.docker.internal:8000'. You may need to add 'host.docker.internal' to ALLOWED_HOSTS.
Invalid HTTP_HOST header: 'host.docker.internal:8000'. You may need to add 'host.docker.internal' to ALLOWED_HOSTS.
Traceback (most recent call last):
  File "/home/rahim/projects/weather-apis/.venv/lib/python3.12/site-packages/django/core/handlers/exception.py", line 55, in inner
    response = get_response(request)
               ^^^^^^^^^^^^^^^^^^^^^
  File "/home/rahim/projects/weather-apis/.venv/lib/python3.12/site-packages/django/utils/deprecation.py", line 128, in __call__
    response = self.process_request(request)
               ^^^^^^^^^^^^^^^^^^^^^^^^^^^^^
  File "/home/rahim/projects/weather-apis/.venv/lib/python3.12/site-packages/django/middleware/common.py", line 48, in process_request
    host = request.get_host()
           ^^^^^^^^^^^^^^^^^^
  File "/home/rahim/projects/weather-apis/.venv/lib/python3.12/site-packages/django/http/request.py", line 151, in get_host
    raise DisallowedHost(msg)
django.core.exceptions.DisallowedHost: Invalid HTTP_HOST header: 'host.docker.internal:8000'. You may need to add 'host.docker.internal' to ALLOWED_HOSTS.
Invalid HTTP_HOST header: 'host.docker.internal:8000'. You may need to add 'host.docker.internal' to ALLOWED_HOSTS.
Traceback (most recent call last):
  File "/home/rahim/projects/weather-apis/.venv/lib/python3.12/site-packages/django/core/handlers/exception.py", line 55, in inner
    response = get_response(request)
               ^^^^^^^^^^^^^^^^^^^^^
  File "/home/rahim/projects/weather-apis/.venv/lib/python3.12/site-packages/django/utils/deprecation.py", line 128, in __call__
    response = self.process_request(request)
               ^^^^^^^^^^^^^^^^^^^^^^^^^^^^^
  File "/home/rahim/projects/weather-apis/.venv/lib/python3.12/site-packages/django/middleware/common.py", line 48, in process_request
    host = request.get_host()
           ^^^^^^^^^^^^^^^^^^
  File "/home/rahim/projects/weather-apis/.venv/lib/python3.12/site-packages/django/http/request.py", line 151, in get_host
    raise DisallowedHost(msg)
django.core.exceptions.DisallowedHost: Invalid HTTP_HOST header: 'host.docker.internal:8000'. You may need to add 'host.docker.internal' to ALLOWED_HOSTS.
Invalid HTTP_HOST header: 'host.docker.internal:8000'. You may need to add 'host.docker.internal' to ALLOWED_HOSTS.
Traceback (most recent call last):
  File "/home/rahim/projects/weather-apis/.venv/lib/python3.12/site-packages/django/core/handlers/exception.py", line 55, in inner
    response = get_response(request)
               ^^^^^^^^^^^^^^^^^^^^^
  File "/home/rahim/projects/weather-apis/.venv/lib/python3.12/site-packages/django/utils/deprecation.py", line 128, in __call__
    response = self.process_request(request)
               ^^^^^^^^^^^^^^^^^^^^^^^^^^^^^
  File "/home/rahim/projects/weather-apis/.venv/lib/python3.12/site-packages/django/middleware/common.py", line 48, in process_request
    host = request.get_host()
           ^^^^^^^^^^^^^^^^^^
  File "/home/rahim/projects/weather-apis/.venv/lib/python3.12/site-packages/django/http/request.py", line 151, in get_host
    raise DisallowedHost(msg)
django.core.exceptions.DisallowedHost: Invalid HTTP_HOST header: 'host.docker.internal:8000'. You may need to add 'host.docker.internal' to ALLOWED_HOSTS.
Invalid HTTP_HOST header: 'host.docker.internal:8000'. You may need to add 'host.docker.internal' to ALLOWED_HOSTS.
Traceback (most recent call last):
  File "/home/rahim/projects/weather-apis/.venv/lib/python3.12/site-packages/django/core/handlers/exception.py", line 55, in inner
    response = get_response(request)
               ^^^^^^^^^^^^^^^^^^^^^
  File "/home/rahim/projects/weather-apis/.venv/lib/python3.12/site-packages/django/utils/deprecation.py", line 128, in __call__
    response = self.process_request(request)
               ^^^^^^^^^^^^^^^^^^^^^^^^^^^^^
  File "/home/rahim/projects/weather-apis/.venv/lib/python3.12/site-packages/django/middleware/common.py", line 48, in process_request
    host = request.get_host()
           ^^^^^^^^^^^^^^^^^^
  File "/home/rahim/projects/weather-apis/.venv/lib/python3.12/site-packages/django/http/request.py", line 151, in get_host
    raise DisallowedHost(msg)
django.core.exceptions.DisallowedHost: Invalid HTTP_HOST header: 'host.docker.internal:8000'. You may need to add 'host.docker.internal' to ALLOWED_HOSTS.
Invalid HTTP_HOST header: 'host.docker.internal:8000'. You may need to add 'host.docker.internal' to ALLOWED_HOSTS.
Traceback (most recent call last):
  File "/home/rahim/projects/weather-apis/.venv/lib/python3.12/site-packages/django/core/handlers/exception.py", line 55, in inner
    response = get_response(request)
               ^^^^^^^^^^^^^^^^^^^^^
  File "/home/rahim/projects/weather-apis/.venv/lib/python3.12/site-packages/django/utils/deprecation.py", line 128, in __call__
    response = self.process_request(request)
               ^^^^^^^^^^^^^^^^^^^^^^^^^^^^^
  File "/home/rahim/projects/weather-apis/.venv/lib/python3.12/site-packages/django/middleware/common.py", line 48, in process_request
    host = request.get_host()
           ^^^^^^^^^^^^^^^^^^
  File "/home/rahim/projects/weather-apis/.venv/lib/python3.12/site-packages/django/http/request.py", line 151, in get_host
    raise DisallowedHost(msg)
django.core.exceptions.DisallowedHost: Invalid HTTP_HOST header: 'host.docker.internal:8000'. You may need to add 'host.docker.internal' to ALLOWED_HOSTS.
Invalid HTTP_HOST header: 'host.docker.internal:8000'. You may need to add 'host.docker.internal' to ALLOWED_HOSTS.
Traceback (most recent call last):
  File "/home/rahim/projects/weather-apis/.venv/lib/python3.12/site-packages/django/core/handlers/exception.py", line 55, in inner
    response = get_response(request)
               ^^^^^^^^^^^^^^^^^^^^^
  File "/home/rahim/projects/weather-apis/.venv/lib/python3.12/site-packages/django/utils/deprecation.py", line 128, in __call__
    response = self.process_request(request)
               ^^^^^^^^^^^^^^^^^^^^^^^^^^^^^
  File "/home/rahim/projects/weather-apis/.venv/lib/python3.12/site-packages/django/middleware/common.py", line 48, in process_request
    host = request.get_host()
           ^^^^^^^^^^^^^^^^^^
  File "/home/rahim/projects/weather-apis/.venv/lib/python3.12/site-packages/django/http/request.py", line 151, in get_host
    raise DisallowedHost(msg)
django.core.exceptions.DisallowedHost: Invalid HTTP_HOST header: 'host.docker.internal:8000'. You may need to add 'host.docker.internal' to ALLOWED_HOSTS.
Invalid HTTP_HOST header: 'host.docker.internal:8000'. You may need to add 'host.docker.internal' to ALLOWED_HOSTS.
Traceback (most recent call last):
  File "/home/rahim/projects/weather-apis/.venv/lib/python3.12/site-packages/django/core/handlers/exception.py", line 55, in inner
    response = get_response(request)
               ^^^^^^^^^^^^^^^^^^^^^
  File "/home/rahim/projects/weather-apis/.venv/lib/python3.12/site-packages/django/utils/deprecation.py", line 128, in __call__
    response = self.process_request(request)
               ^^^^^^^^^^^^^^^^^^^^^^^^^^^^^
  File "/home/rahim/projects/weather-apis/.venv/lib/python3.12/site-packages/django/middleware/common.py", line 48, in process_request
    host = request.get_host()
           ^^^^^^^^^^^^^^^^^^
  File "/home/rahim/projects/weather-apis/.venv/lib/python3.12/site-packages/django/http/request.py", line 151, in get_host
    raise DisallowedHost(msg)
django.core.exceptions.DisallowedHost: Invalid HTTP_HOST header: 'host.docker.internal:8000'. You may need to add 'host.docker.internal' to ALLOWED_HOSTS.
Invalid HTTP_HOST header: 'host.docker.internal:8000'. You may need to add 'host.docker.internal' to ALLOWED_HOSTS.
Traceback (most recent call last):
  File "/home/rahim/projects/weather-apis/.venv/lib/python3.12/site-packages/django/core/handlers/exception.py", line 55, in inner
    response = get_response(request)
               ^^^^^^^^^^^^^^^^^^^^^
  File "/home/rahim/projects/weather-apis/.venv/lib/python3.12/site-packages/django/utils/deprecation.py", line 128, in __call__
    response = self.process_request(request)
               ^^^^^^^^^^^^^^^^^^^^^^^^^^^^^
  File "/home/rahim/projects/weather-apis/.venv/lib/python3.12/site-packages/django/middleware/common.py", line 48, in process_request
    host = request.get_host()
           ^^^^^^^^^^^^^^^^^^
  File "/home/rahim/projects/weather-apis/.venv/lib/python3.12/site-packages/django/http/request.py", line 151, in get_host
    raise DisallowedHost(msg)
django.core.exceptions.DisallowedHost: Invalid HTTP_HOST header: 'host.docker.internal:8000'. You may need to add 'host.docker.internal' to ALLOWED_HOSTS.
Invalid HTTP_HOST header: 'host.docker.internal:8000'. You may need to add 'host.docker.internal' to ALLOWED_HOSTS.
Traceback (most recent call last):
  File "/home/rahim/projects/weather-apis/.venv/lib/python3.12/site-packages/django/core/handlers/exception.py", line 55, in inner
    response = get_response(request)
               ^^^^^^^^^^^^^^^^^^^^^
  File "/home/rahim/projects/weather-apis/.venv/lib/python3.12/site-packages/django/utils/deprecation.py", line 128, in __call__
    response = self.process_request(request)
               ^^^^^^^^^^^^^^^^^^^^^^^^^^^^^
  File "/home/rahim/projects/weather-apis/.venv/lib/python3.12/site-packages/django/middleware/common.py", line 48, in process_request
    host = request.get_host()
           ^^^^^^^^^^^^^^^^^^
  File "/home/rahim/projects/weather-apis/.venv/lib/python3.12/site-packages/django/http/request.py", line 151, in get_host
    raise DisallowedHost(msg)
django.core.exceptions.DisallowedHost: Invalid HTTP_HOST header: 'host.docker.internal:8000'. You may need to add 'host.docker.internal' to ALLOWED_HOSTS.
Invalid HTTP_HOST header: 'host.docker.internal:8000'. You may need to add 'host.docker.internal' to ALLOWED_HOSTS.
Traceback (most recent call last):
  File "/home/rahim/projects/weather-apis/.venv/lib/python3.12/site-packages/django/core/handlers/exception.py", line 55, in inner
    response = get_response(request)
               ^^^^^^^^^^^^^^^^^^^^^
  File "/home/rahim/projects/weather-apis/.venv/lib/python3.12/site-packages/django/utils/deprecation.py", line 128, in __call__
    response = self.process_request(request)
               ^^^^^^^^^^^^^^^^^^^^^^^^^^^^^
  File "/home/rahim/projects/weather-apis/.venv/lib/python3.12/site-packages/django/middleware/common.py", line 48, in process_request
    host = request.get_host()
           ^^^^^^^^^^^^^^^^^^
  File "/home/rahim/projects/weather-apis/.venv/lib/python3.12/site-packages/django/http/request.py", line 151, in get_host
    raise DisallowedHost(msg)
django.core.exceptions.DisallowedHost: Invalid HTTP_HOST header: 'host.docker.internal:8000'. You may need to add 'host.docker.internal' to ALLOWED_HOSTS.
Invalid HTTP_HOST header: 'host.docker.internal:8000'. You may need to add 'host.docker.internal' to ALLOWED_HOSTS.
Traceback (most recent call last):
  File "/home/rahim/projects/weather-apis/.venv/lib/python3.12/site-packages/django/core/handlers/exception.py", line 55, in inner
    response = get_response(request)
               ^^^^^^^^^^^^^^^^^^^^^
  File "/home/rahim/projects/weather-apis/.venv/lib/python3.12/site-packages/django/utils/deprecation.py", line 128, in __call__
    response = self.process_request(request)
               ^^^^^^^^^^^^^^^^^^^^^^^^^^^^^
  File "/home/rahim/projects/weather-apis/.venv/lib/python3.12/site-packages/django/middleware/common.py", line 48, in process_request
    host = request.get_host()
           ^^^^^^^^^^^^^^^^^^
  File "/home/rahim/projects/weather-apis/.venv/lib/python3.12/site-packages/django/http/request.py", line 151, in get_host
    raise DisallowedHost(msg)
django.core.exceptions.DisallowedHost: Invalid HTTP_HOST header: 'host.docker.internal:8000'. You may need to add 'host.docker.internal' to ALLOWED_HOSTS.
Invalid HTTP_HOST header: 'host.docker.internal:8000'. You may need to add 'host.docker.internal' to ALLOWED_HOSTS.
Traceback (most recent call last):
  File "/home/rahim/projects/weather-apis/.venv/lib/python3.12/site-packages/django/core/handlers/exception.py", line 55, in inner
    response = get_response(request)
               ^^^^^^^^^^^^^^^^^^^^^
  File "/home/rahim/projects/weather-apis/.venv/lib/python3.12/site-packages/django/utils/deprecation.py", line 128, in __call__
    response = self.process_request(request)
               ^^^^^^^^^^^^^^^^^^^^^^^^^^^^^
  File "/home/rahim/projects/weather-apis/.venv/lib/python3.12/site-packages/django/middleware/common.py", line 48, in process_request
    host = request.get_host()
           ^^^^^^^^^^^^^^^^^^
  File "/home/rahim/projects/weather-apis/.venv/lib/python3.12/site-packages/django/http/request.py", line 151, in get_host
    raise DisallowedHost(msg)
django.core.exceptions.DisallowedHost: Invalid HTTP_HOST header: 'host.docker.internal:8000'. You may need to add 'host.docker.internal' to ALLOWED_HOSTS.
Invalid HTTP_HOST header: 'host.docker.internal:8000'. You may need to add 'host.docker.internal' to ALLOWED_HOSTS.
Traceback (most recent call last):
  File "/home/rahim/projects/weather-apis/.venv/lib/python3.12/site-packages/django/core/handlers/exception.py", line 55, in inner
    response = get_response(request)
               ^^^^^^^^^^^^^^^^^^^^^
  File "/home/rahim/projects/weather-apis/.venv/lib/python3.12/site-packages/django/utils/deprecation.py", line 128, in __call__
    response = self.process_request(request)
               ^^^^^^^^^^^^^^^^^^^^^^^^^^^^^
  File "/home/rahim/projects/weather-apis/.venv/lib/python3.12/site-packages/django/middleware/common.py", line 48, in process_request
    host = request.get_host()
           ^^^^^^^^^^^^^^^^^^
  File "/home/rahim/projects/weather-apis/.venv/lib/python3.12/site-packages/django/http/request.py", line 151, in get_host
    raise DisallowedHost(msg)
django.core.exceptions.DisallowedHost: Invalid HTTP_HOST header: 'host.docker.internal:8000'. You may need to add 'host.docker.internal' to ALLOWED_HOSTS.
Invalid HTTP_HOST header: 'host.docker.internal:8000'. You may need to add 'host.docker.internal' to ALLOWED_HOSTS.
Traceback (most recent call last):
  File "/home/rahim/projects/weather-apis/.venv/lib/python3.12/site-packages/django/core/handlers/exception.py", line 55, in inner
    response = get_response(request)
               ^^^^^^^^^^^^^^^^^^^^^
  File "/home/rahim/projects/weather-apis/.venv/lib/python3.12/site-packages/django/utils/deprecation.py", line 128, in __call__
    response = self.process_request(request)
               ^^^^^^^^^^^^^^^^^^^^^^^^^^^^^
  File "/home/rahim/projects/weather-apis/.venv/lib/python3.12/site-packages/django/middleware/common.py", line 48, in process_request
    host = request.get_host()
           ^^^^^^^^^^^^^^^^^^
  File "/home/rahim/projects/weather-apis/.venv/lib/python3.12/site-packages/django/http/request.py", line 151, in get_host
    raise DisallowedHost(msg)
django.core.exceptions.DisallowedHost: Invalid HTTP_HOST header: 'host.docker.internal:8000'. You may need to add 'host.docker.internal' to ALLOWED_HOSTS.
Invalid HTTP_HOST header: 'host.docker.internal:8000'. You may need to add 'host.docker.internal' to ALLOWED_HOSTS.
Traceback (most recent call last):
  File "/home/rahim/projects/weather-apis/.venv/lib/python3.12/site-packages/django/core/handlers/exception.py", line 55, in inner
    response = get_response(request)
               ^^^^^^^^^^^^^^^^^^^^^
  File "/home/rahim/projects/weather-apis/.venv/lib/python3.12/site-packages/django/utils/deprecation.py", line 128, in __call__
    response = self.process_request(request)
               ^^^^^^^^^^^^^^^^^^^^^^^^^^^^^
  File "/home/rahim/projects/weather-apis/.venv/lib/python3.12/site-packages/django/middleware/common.py", line 48, in process_request
    host = request.get_host()
           ^^^^^^^^^^^^^^^^^^
  File "/home/rahim/projects/weather-apis/.venv/lib/python3.12/site-packages/django/http/request.py", line 151, in get_host
    raise DisallowedHost(msg)
django.core.exceptions.DisallowedHost: Invalid HTTP_HOST header: 'host.docker.internal:8000'. You may need to add 'host.docker.internal' to ALLOWED_HOSTS.
Invalid HTTP_HOST header: 'host.docker.internal:8000'. You may need to add 'host.docker.internal' to ALLOWED_HOSTS.
Traceback (most recent call last):
  File "/home/rahim/projects/weather-apis/.venv/lib/python3.12/site-packages/django/core/handlers/exception.py", line 55, in inner
    response = get_response(request)
               ^^^^^^^^^^^^^^^^^^^^^
  File "/home/rahim/projects/weather-apis/.venv/lib/python3.12/site-packages/django/utils/deprecation.py", line 128, in __call__
    response = self.process_request(request)
               ^^^^^^^^^^^^^^^^^^^^^^^^^^^^^
  File "/home/rahim/projects/weather-apis/.venv/lib/python3.12/site-packages/django/middleware/common.py", line 48, in process_request
    host = request.get_host()
           ^^^^^^^^^^^^^^^^^^
  File "/home/rahim/projects/weather-apis/.venv/lib/python3.12/site-packages/django/http/request.py", line 151, in get_host
    raise DisallowedHost(msg)
django.core.exceptions.DisallowedHost: Invalid HTTP_HOST header: 'host.docker.internal:8000'. You may need to add 'host.docker.internal' to ALLOWED_HOSTS.
Invalid HTTP_HOST header: 'host.docker.internal:8000'. You may need to add 'host.docker.internal' to ALLOWED_HOSTS.
Traceback (most recent call last):
  File "/home/rahim/projects/weather-apis/.venv/lib/python3.12/site-packages/django/core/handlers/exception.py", line 55, in inner
    response = get_response(request)
               ^^^^^^^^^^^^^^^^^^^^^
  File "/home/rahim/projects/weather-apis/.venv/lib/python3.12/site-packages/django/utils/deprecation.py", line 128, in __call__
    response = self.process_request(request)
               ^^^^^^^^^^^^^^^^^^^^^^^^^^^^^
  File "/home/rahim/projects/weather-apis/.venv/lib/python3.12/site-packages/django/middleware/common.py", line 48, in process_request
    host = request.get_host()
           ^^^^^^^^^^^^^^^^^^
  File "/home/rahim/projects/weather-apis/.venv/lib/python3.12/site-packages/django/http/request.py", line 151, in get_host
    raise DisallowedHost(msg)
django.core.exceptions.DisallowedHost: Invalid HTTP_HOST header: 'host.docker.internal:8000'. You may need to add 'host.docker.internal' to ALLOWED_HOSTS.
Invalid HTTP_HOST header: 'host.docker.internal:8000'. You may need to add 'host.docker.internal' to ALLOWED_HOSTS.
Traceback (most recent call last):
  File "/home/rahim/projects/weather-apis/.venv/lib/python3.12/site-packages/django/core/handlers/exception.py", line 55, in inner
    response = get_response(request)
               ^^^^^^^^^^^^^^^^^^^^^
  File "/home/rahim/projects/weather-apis/.venv/lib/python3.12/site-packages/django/utils/deprecation.py", line 128, in __call__
    response = self.process_request(request)
               ^^^^^^^^^^^^^^^^^^^^^^^^^^^^^
  File "/home/rahim/projects/weather-apis/.venv/lib/python3.12/site-packages/django/middleware/common.py", line 48, in process_request
    host = request.get_host()
           ^^^^^^^^^^^^^^^^^^
  File "/home/rahim/projects/weather-apis/.venv/lib/python3.12/site-packages/django/http/request.py", line 151, in get_host
    raise DisallowedHost(msg)
django.core.exceptions.DisallowedHost: Invalid HTTP_HOST header: 'host.docker.internal:8000'. You may need to add 'host.docker.internal' to ALLOWED_HOSTS.
Invalid HTTP_HOST header: 'host.docker.internal:8000'. You may need to add 'host.docker.internal' to ALLOWED_HOSTS.
Traceback (most recent call last):
  File "/home/rahim/projects/weather-apis/.venv/lib/python3.12/site-packages/django/core/handlers/exception.py", line 55, in inner
    response = get_response(request)
               ^^^^^^^^^^^^^^^^^^^^^
  File "/home/rahim/projects/weather-apis/.venv/lib/python3.12/site-packages/django/utils/deprecation.py", line 128, in __call__
    response = self.process_request(request)
               ^^^^^^^^^^^^^^^^^^^^^^^^^^^^^
  File "/home/rahim/projects/weather-apis/.venv/lib/python3.12/site-packages/django/middleware/common.py", line 48, in process_request
    host = request.get_host()
           ^^^^^^^^^^^^^^^^^^
  File "/home/rahim/projects/weather-apis/.venv/lib/python3.12/site-packages/django/http/request.py", line 151, in get_host
    raise DisallowedHost(msg)
django.core.exceptions.DisallowedHost: Invalid HTTP_HOST header: 'host.docker.internal:8000'. You may need to add 'host.docker.internal' to ALLOWED_HOSTS.
Invalid HTTP_HOST header: 'host.docker.internal:8000'. You may need to add 'host.docker.internal' to ALLOWED_HOSTS.
Traceback (most recent call last):
  File "/home/rahim/projects/weather-apis/.venv/lib/python3.12/site-packages/django/core/handlers/exception.py", line 55, in inner
    response = get_response(request)
               ^^^^^^^^^^^^^^^^^^^^^
  File "/home/rahim/projects/weather-apis/.venv/lib/python3.12/site-packages/django/utils/deprecation.py", line 128, in __call__
    response = self.process_request(request)
               ^^^^^^^^^^^^^^^^^^^^^^^^^^^^^
  File "/home/rahim/projects/weather-apis/.venv/lib/python3.12/site-packages/django/middleware/common.py", line 48, in process_request
    host = request.get_host()
           ^^^^^^^^^^^^^^^^^^
  File "/home/rahim/projects/weather-apis/.venv/lib/python3.12/site-packages/django/http/request.py", line 151, in get_host
    raise DisallowedHost(msg)
django.core.exceptions.DisallowedHost: Invalid HTTP_HOST header: 'host.docker.internal:8000'. You may need to add 'host.docker.internal' to ALLOWED_HOSTS.
Invalid HTTP_HOST header: 'host.docker.internal:8000'. You may need to add 'host.docker.internal' to ALLOWED_HOSTS.
Traceback (most recent call last):
  File "/home/rahim/projects/weather-apis/.venv/lib/python3.12/site-packages/django/core/handlers/exception.py", line 55, in inner
    response = get_response(request)
               ^^^^^^^^^^^^^^^^^^^^^
  File "/home/rahim/projects/weather-apis/.venv/lib/python3.12/site-packages/django/utils/deprecation.py", line 128, in __call__
    response = self.process_request(request)
               ^^^^^^^^^^^^^^^^^^^^^^^^^^^^^
  File "/home/rahim/projects/weather-apis/.venv/lib/python3.12/site-packages/django/middleware/common.py", line 48, in process_request
    host = request.get_host()
           ^^^^^^^^^^^^^^^^^^
  File "/home/rahim/projects/weather-apis/.venv/lib/python3.12/site-packages/django/http/request.py", line 151, in get_host
    raise DisallowedHost(msg)
django.core.exceptions.DisallowedHost: Invalid HTTP_HOST header: 'host.docker.internal:8000'. You may need to add 'host.docker.internal' to ALLOWED_HOSTS.
Invalid HTTP_HOST header: 'host.docker.internal:8000'. You may need to add 'host.docker.internal' to ALLOWED_HOSTS.
Traceback (most recent call last):
  File "/home/rahim/projects/weather-apis/.venv/lib/python3.12/site-packages/django/core/handlers/exception.py", line 55, in inner
    response = get_response(request)
               ^^^^^^^^^^^^^^^^^^^^^
  File "/home/rahim/projects/weather-apis/.venv/lib/python3.12/site-packages/django/utils/deprecation.py", line 128, in __call__
    response = self.process_request(request)
               ^^^^^^^^^^^^^^^^^^^^^^^^^^^^^
  File "/home/rahim/projects/weather-apis/.venv/lib/python3.12/site-packages/django/middleware/common.py", line 48, in process_request
    host = request.get_host()
           ^^^^^^^^^^^^^^^^^^
  File "/home/rahim/projects/weather-apis/.venv/lib/python3.12/site-packages/django/http/request.py", line 151, in get_host
    raise DisallowedHost(msg)
django.core.exceptions.DisallowedHost: Invalid HTTP_HOST header: 'host.docker.internal:8000'. You may need to add 'host.docker.internal' to ALLOWED_HOSTS.
Invalid HTTP_HOST header: 'host.docker.internal:8000'. You may need to add 'host.docker.internal' to ALLOWED_HOSTS.
Traceback (most recent call last):
  File "/home/rahim/projects/weather-apis/.venv/lib/python3.12/site-packages/django/core/handlers/exception.py", line 55, in inner
    response = get_response(request)
               ^^^^^^^^^^^^^^^^^^^^^
  File "/home/rahim/projects/weather-apis/.venv/lib/python3.12/site-packages/django/utils/deprecation.py", line 128, in __call__
    response = self.process_request(request)
               ^^^^^^^^^^^^^^^^^^^^^^^^^^^^^
  File "/home/rahim/projects/weather-apis/.venv/lib/python3.12/site-packages/django/middleware/common.py", line 48, in process_request
    host = request.get_host()
           ^^^^^^^^^^^^^^^^^^
  File "/home/rahim/projects/weather-apis/.venv/lib/python3.12/site-packages/django/http/request.py", line 151, in get_host
    raise DisallowedHost(msg)
django.core.exceptions.DisallowedHost: Invalid HTTP_HOST header: 'host.docker.internal:8000'. You may need to add 'host.docker.internal' to ALLOWED_HOSTS.
Invalid HTTP_HOST header: 'host.docker.internal:8000'. You may need to add 'host.docker.internal' to ALLOWED_HOSTS.
Traceback (most recent call last):
  File "/home/rahim/projects/weather-apis/.venv/lib/python3.12/site-packages/django/core/handlers/exception.py", line 55, in inner
    response = get_response(request)
               ^^^^^^^^^^^^^^^^^^^^^
  File "/home/rahim/projects/weather-apis/.venv/lib/python3.12/site-packages/django/utils/deprecation.py", line 128, in __call__
    response = self.process_request(request)
               ^^^^^^^^^^^^^^^^^^^^^^^^^^^^^
  File "/home/rahim/projects/weather-apis/.venv/lib/python3.12/site-packages/django/middleware/common.py", line 48, in process_request
    host = request.get_host()
           ^^^^^^^^^^^^^^^^^^
  File "/home/rahim/projects/weather-apis/.venv/lib/python3.12/site-packages/django/http/request.py", line 151, in get_host
    raise DisallowedHost(msg)
django.core.exceptions.DisallowedHost: Invalid HTTP_HOST header: 'host.docker.internal:8000'. You may need to add 'host.docker.internal' to ALLOWED_HOSTS.
Invalid HTTP_HOST header: 'host.docker.internal:8000'. You may need to add 'host.docker.internal' to ALLOWED_HOSTS.
Traceback (most recent call last):
  File "/home/rahim/projects/weather-apis/.venv/lib/python3.12/site-packages/django/core/handlers/exception.py", line 55, in inner
    response = get_response(request)
               ^^^^^^^^^^^^^^^^^^^^^
  File "/home/rahim/projects/weather-apis/.venv/lib/python3.12/site-packages/django/utils/deprecation.py", line 128, in __call__
    response = self.process_request(request)
               ^^^^^^^^^^^^^^^^^^^^^^^^^^^^^
  File "/home/rahim/projects/weather-apis/.venv/lib/python3.12/site-packages/django/middleware/common.py", line 48, in process_request
    host = request.get_host()
           ^^^^^^^^^^^^^^^^^^
  File "/home/rahim/projects/weather-apis/.venv/lib/python3.12/site-packages/django/http/request.py", line 151, in get_host
    raise DisallowedHost(msg)
django.core.exceptions.DisallowedHost: Invalid HTTP_HOST header: 'host.docker.internal:8000'. You may need to add 'host.docker.internal' to ALLOWED_HOSTS.
Invalid HTTP_HOST header: 'host.docker.internal:8000'. You may need to add 'host.docker.internal' to ALLOWED_HOSTS.
Traceback (most recent call last):
  File "/home/rahim/projects/weather-apis/.venv/lib/python3.12/site-packages/django/core/handlers/exception.py", line 55, in inner
    response = get_response(request)
               ^^^^^^^^^^^^^^^^^^^^^
  File "/home/rahim/projects/weather-apis/.venv/lib/python3.12/site-packages/django/utils/deprecation.py", line 128, in __call__
    response = self.process_request(request)
               ^^^^^^^^^^^^^^^^^^^^^^^^^^^^^
  File "/home/rahim/projects/weather-apis/.venv/lib/python3.12/site-packages/django/middleware/common.py", line 48, in process_request
    host = request.get_host()
           ^^^^^^^^^^^^^^^^^^
  File "/home/rahim/projects/weather-apis/.venv/lib/python3.12/site-packages/django/http/request.py", line 151, in get_host
    raise DisallowedHost(msg)
django.core.exceptions.DisallowedHost: Invalid HTTP_HOST header: 'host.docker.internal:8000'. You may need to add 'host.docker.internal' to ALLOWED_HOSTS.
Invalid HTTP_HOST header: 'host.docker.internal:8000'. You may need to add 'host.docker.internal' to ALLOWED_HOSTS.
Traceback (most recent call last):
  File "/home/rahim/projects/weather-apis/.venv/lib/python3.12/site-packages/django/core/handlers/exception.py", line 55, in inner
    response = get_response(request)
               ^^^^^^^^^^^^^^^^^^^^^
  File "/home/rahim/projects/weather-apis/.venv/lib/python3.12/site-packages/django/utils/deprecation.py", line 128, in __call__
    response = self.process_request(request)
               ^^^^^^^^^^^^^^^^^^^^^^^^^^^^^
  File "/home/rahim/projects/weather-apis/.venv/lib/python3.12/site-packages/django/middleware/common.py", line 48, in process_request
    host = request.get_host()
           ^^^^^^^^^^^^^^^^^^
  File "/home/rahim/projects/weather-apis/.venv/lib/python3.12/site-packages/django/http/request.py", line 151, in get_host
    raise DisallowedHost(msg)
django.core.exceptions.DisallowedHost: Invalid HTTP_HOST header: 'host.docker.internal:8000'. You may need to add 'host.docker.internal' to ALLOWED_HOSTS.
Invalid HTTP_HOST header: 'host.docker.internal:8000'. You may need to add 'host.docker.internal' to ALLOWED_HOSTS.
Traceback (most recent call last):
  File "/home/rahim/projects/weather-apis/.venv/lib/python3.12/site-packages/django/core/handlers/exception.py", line 55, in inner
    response = get_response(request)
               ^^^^^^^^^^^^^^^^^^^^^
  File "/home/rahim/projects/weather-apis/.venv/lib/python3.12/site-packages/django/utils/deprecation.py", line 128, in __call__
    response = self.process_request(request)
               ^^^^^^^^^^^^^^^^^^^^^^^^^^^^^
  File "/home/rahim/projects/weather-apis/.venv/lib/python3.12/site-packages/django/middleware/common.py", line 48, in process_request
    host = request.get_host()
           ^^^^^^^^^^^^^^^^^^
  File "/home/rahim/projects/weather-apis/.venv/lib/python3.12/site-packages/django/http/request.py", line 151, in get_host
    raise DisallowedHost(msg)
django.core.exceptions.DisallowedHost: Invalid HTTP_HOST header: 'host.docker.internal:8000'. You may need to add 'host.docker.internal' to ALLOWED_HOSTS.
Invalid HTTP_HOST header: 'host.docker.internal:8000'. You may need to add 'host.docker.internal' to ALLOWED_HOSTS.
Traceback (most recent call last):
  File "/home/rahim/projects/weather-apis/.venv/lib/python3.12/site-packages/django/core/handlers/exception.py", line 55, in inner
    response = get_response(request)
               ^^^^^^^^^^^^^^^^^^^^^
  File "/home/rahim/projects/weather-apis/.venv/lib/python3.12/site-packages/django/utils/deprecation.py", line 128, in __call__
    response = self.process_request(request)
               ^^^^^^^^^^^^^^^^^^^^^^^^^^^^^
  File "/home/rahim/projects/weather-apis/.venv/lib/python3.12/site-packages/django/middleware/common.py", line 48, in process_request
    host = request.get_host()
           ^^^^^^^^^^^^^^^^^^
  File "/home/rahim/projects/weather-apis/.venv/lib/python3.12/site-packages/django/http/request.py", line 151, in get_host
    raise DisallowedHost(msg)
django.core.exceptions.DisallowedHost: Invalid HTTP_HOST header: 'host.docker.internal:8000'. You may need to add 'host.docker.internal' to ALLOWED_HOSTS.
Invalid HTTP_HOST header: 'host.docker.internal:8000'. You may need to add 'host.docker.internal' to ALLOWED_HOSTS.
Traceback (most recent call last):
  File "/home/rahim/projects/weather-apis/.venv/lib/python3.12/site-packages/django/core/handlers/exception.py", line 55, in inner
    response = get_response(request)
               ^^^^^^^^^^^^^^^^^^^^^
  File "/home/rahim/projects/weather-apis/.venv/lib/python3.12/site-packages/django/utils/deprecation.py", line 128, in __call__
    response = self.process_request(request)
               ^^^^^^^^^^^^^^^^^^^^^^^^^^^^^
  File "/home/rahim/projects/weather-apis/.venv/lib/python3.12/site-packages/django/middleware/common.py", line 48, in process_request
    host = request.get_host()
           ^^^^^^^^^^^^^^^^^^
  File "/home/rahim/projects/weather-apis/.venv/lib/python3.12/site-packages/django/http/request.py", line 151, in get_host
    raise DisallowedHost(msg)
django.core.exceptions.DisallowedHost: Invalid HTTP_HOST header: 'host.docker.internal:8000'. You may need to add 'host.docker.internal' to ALLOWED_HOSTS.
Invalid HTTP_HOST header: 'host.docker.internal:8000'. You may need to add 'host.docker.internal' to ALLOWED_HOSTS.
Traceback (most recent call last):
  File "/home/rahim/projects/weather-apis/.venv/lib/python3.12/site-packages/django/core/handlers/exception.py", line 55, in inner
    response = get_response(request)
               ^^^^^^^^^^^^^^^^^^^^^
  File "/home/rahim/projects/weather-apis/.venv/lib/python3.12/site-packages/django/utils/deprecation.py", line 128, in __call__
    response = self.process_request(request)
               ^^^^^^^^^^^^^^^^^^^^^^^^^^^^^
  File "/home/rahim/projects/weather-apis/.venv/lib/python3.12/site-packages/django/middleware/common.py", line 48, in process_request
    host = request.get_host()
           ^^^^^^^^^^^^^^^^^^
  File "/home/rahim/projects/weather-apis/.venv/lib/python3.12/site-packages/django/http/request.py", line 151, in get_host
    raise DisallowedHost(msg)
django.core.exceptions.DisallowedHost: Invalid HTTP_HOST header: 'host.docker.internal:8000'. You may need to add 'host.docker.internal' to ALLOWED_HOSTS.
Invalid HTTP_HOST header: 'host.docker.internal:8000'. You may need to add 'host.docker.internal' to ALLOWED_HOSTS.
Traceback (most recent call last):
  File "/home/rahim/projects/weather-apis/.venv/lib/python3.12/site-packages/django/core/handlers/exception.py", line 55, in inner
    response = get_response(request)
               ^^^^^^^^^^^^^^^^^^^^^
  File "/home/rahim/projects/weather-apis/.venv/lib/python3.12/site-packages/django/utils/deprecation.py", line 128, in __call__
    response = self.process_request(request)
               ^^^^^^^^^^^^^^^^^^^^^^^^^^^^^
  File "/home/rahim/projects/weather-apis/.venv/lib/python3.12/site-packages/django/middleware/common.py", line 48, in process_request
    host = request.get_host()
           ^^^^^^^^^^^^^^^^^^
  File "/home/rahim/projects/weather-apis/.venv/lib/python3.12/site-packages/django/http/request.py", line 151, in get_host
    raise DisallowedHost(msg)
django.core.exceptions.DisallowedHost: Invalid HTTP_HOST header: 'host.docker.internal:8000'. You may need to add 'host.docker.internal' to ALLOWED_HOSTS.
Invalid HTTP_HOST header: 'host.docker.internal:8000'. You may need to add 'host.docker.internal' to ALLOWED_HOSTS.
Traceback (most recent call last):
  File "/home/rahim/projects/weather-apis/.venv/lib/python3.12/site-packages/django/core/handlers/exception.py", line 55, in inner
    response = get_response(request)
               ^^^^^^^^^^^^^^^^^^^^^
  File "/home/rahim/projects/weather-apis/.venv/lib/python3.12/site-packages/django/utils/deprecation.py", line 128, in __call__
    response = self.process_request(request)
               ^^^^^^^^^^^^^^^^^^^^^^^^^^^^^
  File "/home/rahim/projects/weather-apis/.venv/lib/python3.12/site-packages/django/middleware/common.py", line 48, in process_request
    host = request.get_host()
           ^^^^^^^^^^^^^^^^^^
  File "/home/rahim/projects/weather-apis/.venv/lib/python3.12/site-packages/django/http/request.py", line 151, in get_host
    raise DisallowedHost(msg)
django.core.exceptions.DisallowedHost: Invalid HTTP_HOST header: 'host.docker.internal:8000'. You may need to add 'host.docker.internal' to ALLOWED_HOSTS.
/home/rahim/projects/weather-apis/config/settings.py changed, reloading.
Watching for file changes with StatReloader
/home/rahim/projects/weather-apis/config/settings.py changed, reloading.
Watching for file changes with StatReloader
/home/rahim/projects/weather-apis/config/settings.py changed, reloading.
Unauthorized: /api/v1/auth/login/
Bad Request: /api/v1/auth/password/change/
Too Many Requests: /api/v1/auth/register/
Too Many Requests: /api/v1/auth/register/
Too Many Requests: /api/v1/auth/register/
Too Many Requests: /api/v1/auth/register/
Too Many Requests: /api/v1/auth/register/
Too Many Requests: /api/v1/auth/register/
Too Many Requests: /api/v1/auth/register/
Too Many Requests: /api/v1/auth/register/
Too Many Requests: /api/v1/auth/register/
Unauthorized: /api/v1/auth/login/
Bad Request: /api/v1/auth/password/change/
Bad Request: /api/v1/auth/register/
Bad Request: /api/v1/auth/register/
Forbidden: /api/v1/keys/e2d149cc-95f1-460f-860b-3fc60fbee887/
Unauthorized: /api/v1/auth/login/
Bad Request: /api/v1/auth/password/change/
Bad Request: /api/v1/auth/register/
Bad Request: /api/v1/auth/register/
Forbidden: /api/v1/keys/b519be76-8901-4329-9c55-4d2ae3a6a7ef/
Unauthorized: /api/v1/auth/login/
Bad Request: /api/v1/auth/password/change/
Bad Request: /api/v1/auth/register/
Bad Request: /api/v1/auth/register/
Forbidden: /api/v1/keys/e9a19ac6-f382-41ba-9c9c-17d4058097fa/
Unauthorized: /api/v1/auth/login/
Bad Request: /api/v1/auth/password/change/
Bad Request: /api/v1/auth/register/
Bad Request: /api/v1/auth/register/
Forbidden: /api/v1/keys/e3fc3e4b-4a37-41f8-9376-5b0105ffbd7c/
Internal Server Error: /api/v1/auth/login/
Traceback (most recent call last):
  File "/home/rahim/projects/weather-apis/.venv/lib/python3.12/site-packages/rest_framework/views.py", line 506, in dispatch
    response = handler(request, *args, **kwargs)
               ^^^^^^^^^^^^^^^^^^^^^^^^^^^^^^^^^
  File "/home/rahim/projects/weather-apis/accounts/views.py", line 71, in post
    serializer.is_valid(raise_exception=True)
  File "/home/rahim/projects/weather-apis/.venv/lib/python3.12/site-packages/rest_framework/serializers.py", line 223, in is_valid
    self._validated_data = self.run_validation(self.initial_data)
                           ^^^^^^^^^^^^^^^^^^^^^^^^^^^^^^^^^^^^^^
  File "/home/rahim/projects/weather-apis/.venv/lib/python3.12/site-packages/rest_framework/serializers.py", line 445, in run_validation
    value = self.validate(value)
            ^^^^^^^^^^^^^^^^^^^^
  File "/home/rahim/projects/weather-apis/accounts/serializers.py", line 60, in validate
    raise AuthenticationFailed(_("Invalid credentials."))
rest_framework.exceptions.AuthenticationFailed: Invalid credentials.

During handling of the above exception, another exception occurred:

Traceback (most recent call last):
  File "/home/rahim/projects/weather-apis/.venv/lib/python3.12/site-packages/django/utils/module_loading.py", line 30, in import_string
    return cached_import(module_path, class_name)
           ^^^^^^^^^^^^^^^^^^^^^^^^^^^^^^^^^^^^^^
  File "/home/rahim/projects/weather-apis/.venv/lib/python3.12/site-packages/django/utils/module_loading.py", line 16, in cached_import
    return getattr(module, class_name)
           ^^^^^^^^^^^^^^^^^^^^^^^^^^^
AttributeError: module 'config.api.exceptions' has no attribute 'custom_exception_handler'

The above exception was the direct cause of the following exception:

Traceback (most recent call last):
  File "/home/rahim/projects/weather-apis/.venv/lib/python3.12/site-packages/rest_framework/settings.py", line 179, in import_from_string
    return import_string(val)
           ^^^^^^^^^^^^^^^^^^
  File "/home/rahim/projects/weather-apis/.venv/lib/python3.12/site-packages/django/utils/module_loading.py", line 32, in import_string
    raise ImportError(
ImportError: Module "config.api.exceptions" does not define a "custom_exception_handler" attribute/class

During handling of the above exception, another exception occurred:

Traceback (most recent call last):
  File "/home/rahim/projects/weather-apis/.venv/lib/python3.12/site-packages/django/core/handlers/exception.py", line 55, in inner
    response = get_response(request)
               ^^^^^^^^^^^^^^^^^^^^^
  File "/home/rahim/projects/weather-apis/.venv/lib/python3.12/site-packages/django/core/handlers/base.py", line 197, in _get_response
    response = wrapped_callback(request, *callback_args, **callback_kwargs)
               ^^^^^^^^^^^^^^^^^^^^^^^^^^^^^^^^^^^^^^^^^^^^^^^^^^^^^^^^^^^^
  File "/home/rahim/projects/weather-apis/.venv/lib/python3.12/site-packages/django/views/decorators/csrf.py", line 65, in _view_wrapper
    return view_func(request, *args, **kwargs)
           ^^^^^^^^^^^^^^^^^^^^^^^^^^^^^^^^^^^
  File "/home/rahim/projects/weather-apis/.venv/lib/python3.12/site-packages/django/views/generic/base.py", line 105, in view
    return self.dispatch(request, *args, **kwargs)
           ^^^^^^^^^^^^^^^^^^^^^^^^^^^^^^^^^^^^^^^
  File "/home/rahim/projects/weather-apis/.venv/lib/python3.12/site-packages/rest_framework/views.py", line 509, in dispatch
    response = self.handle_exception(exc)
               ^^^^^^^^^^^^^^^^^^^^^^^^^^
  File "/home/rahim/projects/weather-apis/.venv/lib/python3.12/site-packages/rest_framework/views.py", line 463, in handle_exception
    exception_handler = self.get_exception_handler()
                        ^^^^^^^^^^^^^^^^^^^^^^^^^^^^
  File "/home/rahim/projects/weather-apis/.venv/lib/python3.12/site-packages/rest_framework/views.py", line 298, in get_exception_handler
    return self.settings.EXCEPTION_HANDLER
           ^^^^^^^^^^^^^^^^^^^^^^^^^^^^^^^
  File "/home/rahim/projects/weather-apis/.venv/lib/python3.12/site-packages/rest_framework/settings.py", line 227, in __getattr__
    val = perform_import(val, attr)
          ^^^^^^^^^^^^^^^^^^^^^^^^^
  File "/home/rahim/projects/weather-apis/.venv/lib/python3.12/site-packages/rest_framework/settings.py", line 168, in perform_import
    return import_from_string(val, setting_name)
           ^^^^^^^^^^^^^^^^^^^^^^^^^^^^^^^^^^^^^
  File "/home/rahim/projects/weather-apis/.venv/lib/python3.12/site-packages/rest_framework/settings.py", line 182, in import_from_string
    raise ImportError(msg)
ImportError: Could not import 'config.api.exceptions.custom_exception_handler' for API setting 'EXCEPTION_HANDLER'. ImportError: Module "config.api.exceptions" does not define a "custom_exception_handler" attribute/class.
Internal Server Error: /api/v1/auth/password/change/
Traceback (most recent call last):
  File "/home/rahim/projects/weather-apis/.venv/lib/python3.12/site-packages/rest_framework/views.py", line 506, in dispatch
    response = handler(request, *args, **kwargs)
               ^^^^^^^^^^^^^^^^^^^^^^^^^^^^^^^^^
  File "/home/rahim/projects/weather-apis/accounts/views.py", line 121, in post
    serializer.is_valid(raise_exception=True)
  File "/home/rahim/projects/weather-apis/.venv/lib/python3.12/site-packages/rest_framework/serializers.py", line 231, in is_valid
    raise ValidationError(self.errors)
rest_framework.exceptions.ValidationError: {'old_password': [ErrorDetail(string='Incorrect password.', code='invalid')]}

During handling of the above exception, another exception occurred:

Traceback (most recent call last):
  File "/home/rahim/projects/weather-apis/.venv/lib/python3.12/site-packages/django/utils/module_loading.py", line 30, in import_string
    return cached_import(module_path, class_name)
           ^^^^^^^^^^^^^^^^^^^^^^^^^^^^^^^^^^^^^^
  File "/home/rahim/projects/weather-apis/.venv/lib/python3.12/site-packages/django/utils/module_loading.py", line 16, in cached_import
    return getattr(module, class_name)
           ^^^^^^^^^^^^^^^^^^^^^^^^^^^
AttributeError: module 'config.api.exceptions' has no attribute 'custom_exception_handler'

The above exception was the direct cause of the following exception:

Traceback (most recent call last):
  File "/home/rahim/projects/weather-apis/.venv/lib/python3.12/site-packages/rest_framework/settings.py", line 179, in import_from_string
    return import_string(val)
           ^^^^^^^^^^^^^^^^^^
  File "/home/rahim/projects/weather-apis/.venv/lib/python3.12/site-packages/django/utils/module_loading.py", line 32, in import_string
    raise ImportError(
ImportError: Module "config.api.exceptions" does not define a "custom_exception_handler" attribute/class

During handling of the above exception, another exception occurred:

Traceback (most recent call last):
  File "/home/rahim/projects/weather-apis/.venv/lib/python3.12/site-packages/django/core/handlers/exception.py", line 55, in inner
    response = get_response(request)
               ^^^^^^^^^^^^^^^^^^^^^
  File "/home/rahim/projects/weather-apis/.venv/lib/python3.12/site-packages/django/core/handlers/base.py", line 197, in _get_response
    response = wrapped_callback(request, *callback_args, **callback_kwargs)
               ^^^^^^^^^^^^^^^^^^^^^^^^^^^^^^^^^^^^^^^^^^^^^^^^^^^^^^^^^^^^
  File "/home/rahim/projects/weather-apis/.venv/lib/python3.12/site-packages/django/views/decorators/csrf.py", line 65, in _view_wrapper
    return view_func(request, *args, **kwargs)
           ^^^^^^^^^^^^^^^^^^^^^^^^^^^^^^^^^^^
  File "/home/rahim/projects/weather-apis/.venv/lib/python3.12/site-packages/django/views/generic/base.py", line 105, in view
    return self.dispatch(request, *args, **kwargs)
           ^^^^^^^^^^^^^^^^^^^^^^^^^^^^^^^^^^^^^^^
  File "/home/rahim/projects/weather-apis/.venv/lib/python3.12/site-packages/rest_framework/views.py", line 509, in dispatch
    response = self.handle_exception(exc)
               ^^^^^^^^^^^^^^^^^^^^^^^^^^
  File "/home/rahim/projects/weather-apis/.venv/lib/python3.12/site-packages/rest_framework/views.py", line 463, in handle_exception
    exception_handler = self.get_exception_handler()
                        ^^^^^^^^^^^^^^^^^^^^^^^^^^^^
  File "/home/rahim/projects/weather-apis/.venv/lib/python3.12/site-packages/rest_framework/views.py", line 298, in get_exception_handler
    return self.settings.EXCEPTION_HANDLER
           ^^^^^^^^^^^^^^^^^^^^^^^^^^^^^^^
  File "/home/rahim/projects/weather-apis/.venv/lib/python3.12/site-packages/rest_framework/settings.py", line 227, in __getattr__
    val = perform_import(val, attr)
          ^^^^^^^^^^^^^^^^^^^^^^^^^
  File "/home/rahim/projects/weather-apis/.venv/lib/python3.12/site-packages/rest_framework/settings.py", line 168, in perform_import
    return import_from_string(val, setting_name)
           ^^^^^^^^^^^^^^^^^^^^^^^^^^^^^^^^^^^^^
  File "/home/rahim/projects/weather-apis/.venv/lib/python3.12/site-packages/rest_framework/settings.py", line 182, in import_from_string
    raise ImportError(msg)
ImportError: Could not import 'config.api.exceptions.custom_exception_handler' for API setting 'EXCEPTION_HANDLER'. ImportError: Module "config.api.exceptions" does not define a "custom_exception_handler" attribute/class.
Internal Server Error: /api/v1/auth/register/
Traceback (most recent call last):
  File "/home/rahim/projects/weather-apis/.venv/lib/python3.12/site-packages/rest_framework/views.py", line 506, in dispatch
    response = handler(request, *args, **kwargs)
               ^^^^^^^^^^^^^^^^^^^^^^^^^^^^^^^^^
  File "/home/rahim/projects/weather-apis/accounts/views.py", line 44, in post
    serializer.is_valid(raise_exception=True)
  File "/home/rahim/projects/weather-apis/.venv/lib/python3.12/site-packages/rest_framework/serializers.py", line 231, in is_valid
    raise ValidationError(self.errors)
rest_framework.exceptions.ValidationError: {'username': [ErrorDetail(string='A user with that username already exists.', code='invalid')], 'email': [ErrorDetail(string='A user with that email already exists.', code='invalid')]}

During handling of the above exception, another exception occurred:

Traceback (most recent call last):
  File "/home/rahim/projects/weather-apis/.venv/lib/python3.12/site-packages/django/utils/module_loading.py", line 30, in import_string
    return cached_import(module_path, class_name)
           ^^^^^^^^^^^^^^^^^^^^^^^^^^^^^^^^^^^^^^
  File "/home/rahim/projects/weather-apis/.venv/lib/python3.12/site-packages/django/utils/module_loading.py", line 16, in cached_import
    return getattr(module, class_name)
           ^^^^^^^^^^^^^^^^^^^^^^^^^^^
AttributeError: module 'config.api.exceptions' has no attribute 'custom_exception_handler'

The above exception was the direct cause of the following exception:

Traceback (most recent call last):
  File "/home/rahim/projects/weather-apis/.venv/lib/python3.12/site-packages/rest_framework/settings.py", line 179, in import_from_string
    return import_string(val)
           ^^^^^^^^^^^^^^^^^^
  File "/home/rahim/projects/weather-apis/.venv/lib/python3.12/site-packages/django/utils/module_loading.py", line 32, in import_string
    raise ImportError(
ImportError: Module "config.api.exceptions" does not define a "custom_exception_handler" attribute/class

During handling of the above exception, another exception occurred:

Traceback (most recent call last):
  File "/home/rahim/projects/weather-apis/.venv/lib/python3.12/site-packages/django/core/handlers/exception.py", line 55, in inner
    response = get_response(request)
               ^^^^^^^^^^^^^^^^^^^^^
  File "/home/rahim/projects/weather-apis/.venv/lib/python3.12/site-packages/django/core/handlers/base.py", line 197, in _get_response
    response = wrapped_callback(request, *callback_args, **callback_kwargs)
               ^^^^^^^^^^^^^^^^^^^^^^^^^^^^^^^^^^^^^^^^^^^^^^^^^^^^^^^^^^^^
  File "/home/rahim/projects/weather-apis/.venv/lib/python3.12/site-packages/django/views/decorators/csrf.py", line 65, in _view_wrapper
    return view_func(request, *args, **kwargs)
           ^^^^^^^^^^^^^^^^^^^^^^^^^^^^^^^^^^^
  File "/home/rahim/projects/weather-apis/.venv/lib/python3.12/site-packages/django/views/generic/base.py", line 105, in view
    return self.dispatch(request, *args, **kwargs)
           ^^^^^^^^^^^^^^^^^^^^^^^^^^^^^^^^^^^^^^^
  File "/home/rahim/projects/weather-apis/.venv/lib/python3.12/site-packages/rest_framework/views.py", line 509, in dispatch
    response = self.handle_exception(exc)
               ^^^^^^^^^^^^^^^^^^^^^^^^^^
  File "/home/rahim/projects/weather-apis/.venv/lib/python3.12/site-packages/rest_framework/views.py", line 463, in handle_exception
    exception_handler = self.get_exception_handler()
                        ^^^^^^^^^^^^^^^^^^^^^^^^^^^^
  File "/home/rahim/projects/weather-apis/.venv/lib/python3.12/site-packages/rest_framework/views.py", line 298, in get_exception_handler
    return self.settings.EXCEPTION_HANDLER
           ^^^^^^^^^^^^^^^^^^^^^^^^^^^^^^^
  File "/home/rahim/projects/weather-apis/.venv/lib/python3.12/site-packages/rest_framework/settings.py", line 227, in __getattr__
    val = perform_import(val, attr)
          ^^^^^^^^^^^^^^^^^^^^^^^^^
  File "/home/rahim/projects/weather-apis/.venv/lib/python3.12/site-packages/rest_framework/settings.py", line 168, in perform_import
    return import_from_string(val, setting_name)
           ^^^^^^^^^^^^^^^^^^^^^^^^^^^^^^^^^^^^^
  File "/home/rahim/projects/weather-apis/.venv/lib/python3.12/site-packages/rest_framework/settings.py", line 182, in import_from_string
    raise ImportError(msg)
ImportError: Could not import 'config.api.exceptions.custom_exception_handler' for API setting 'EXCEPTION_HANDLER'. ImportError: Module "config.api.exceptions" does not define a "custom_exception_handler" attribute/class.
Internal Server Error: /api/v1/auth/register/
Traceback (most recent call last):
  File "/home/rahim/projects/weather-apis/.venv/lib/python3.12/site-packages/rest_framework/views.py", line 506, in dispatch
    response = handler(request, *args, **kwargs)
               ^^^^^^^^^^^^^^^^^^^^^^^^^^^^^^^^^
  File "/home/rahim/projects/weather-apis/accounts/views.py", line 44, in post
    serializer.is_valid(raise_exception=True)
  File "/home/rahim/projects/weather-apis/.venv/lib/python3.12/site-packages/rest_framework/serializers.py", line 231, in is_valid
    raise ValidationError(self.errors)
rest_framework.exceptions.ValidationError: {'password2': [ErrorDetail(string='Passwords do not match.', code='invalid')]}

During handling of the above exception, another exception occurred:

Traceback (most recent call last):
  File "/home/rahim/projects/weather-apis/.venv/lib/python3.12/site-packages/django/utils/module_loading.py", line 30, in import_string
    return cached_import(module_path, class_name)
           ^^^^^^^^^^^^^^^^^^^^^^^^^^^^^^^^^^^^^^
  File "/home/rahim/projects/weather-apis/.venv/lib/python3.12/site-packages/django/utils/module_loading.py", line 16, in cached_import
    return getattr(module, class_name)
           ^^^^^^^^^^^^^^^^^^^^^^^^^^^
AttributeError: module 'config.api.exceptions' has no attribute 'custom_exception_handler'

The above exception was the direct cause of the following exception:

Traceback (most recent call last):
  File "/home/rahim/projects/weather-apis/.venv/lib/python3.12/site-packages/rest_framework/settings.py", line 179, in import_from_string
    return import_string(val)
           ^^^^^^^^^^^^^^^^^^
  File "/home/rahim/projects/weather-apis/.venv/lib/python3.12/site-packages/django/utils/module_loading.py", line 32, in import_string
    raise ImportError(
ImportError: Module "config.api.exceptions" does not define a "custom_exception_handler" attribute/class

During handling of the above exception, another exception occurred:

Traceback (most recent call last):
  File "/home/rahim/projects/weather-apis/.venv/lib/python3.12/site-packages/django/core/handlers/exception.py", line 55, in inner
    response = get_response(request)
               ^^^^^^^^^^^^^^^^^^^^^
  File "/home/rahim/projects/weather-apis/.venv/lib/python3.12/site-packages/django/core/handlers/base.py", line 197, in _get_response
    response = wrapped_callback(request, *callback_args, **callback_kwargs)
               ^^^^^^^^^^^^^^^^^^^^^^^^^^^^^^^^^^^^^^^^^^^^^^^^^^^^^^^^^^^^
  File "/home/rahim/projects/weather-apis/.venv/lib/python3.12/site-packages/django/views/decorators/csrf.py", line 65, in _view_wrapper
    return view_func(request, *args, **kwargs)
           ^^^^^^^^^^^^^^^^^^^^^^^^^^^^^^^^^^^
  File "/home/rahim/projects/weather-apis/.venv/lib/python3.12/site-packages/django/views/generic/base.py", line 105, in view
    return self.dispatch(request, *args, **kwargs)
           ^^^^^^^^^^^^^^^^^^^^^^^^^^^^^^^^^^^^^^^
  File "/home/rahim/projects/weather-apis/.venv/lib/python3.12/site-packages/rest_framework/views.py", line 509, in dispatch
    response = self.handle_exception(exc)
               ^^^^^^^^^^^^^^^^^^^^^^^^^^
  File "/home/rahim/projects/weather-apis/.venv/lib/python3.12/site-packages/rest_framework/views.py", line 463, in handle_exception
    exception_handler = self.get_exception_handler()
                        ^^^^^^^^^^^^^^^^^^^^^^^^^^^^
  File "/home/rahim/projects/weather-apis/.venv/lib/python3.12/site-packages/rest_framework/views.py", line 298, in get_exception_handler
    return self.settings.EXCEPTION_HANDLER
           ^^^^^^^^^^^^^^^^^^^^^^^^^^^^^^^
  File "/home/rahim/projects/weather-apis/.venv/lib/python3.12/site-packages/rest_framework/settings.py", line 227, in __getattr__
    val = perform_import(val, attr)
          ^^^^^^^^^^^^^^^^^^^^^^^^^
  File "/home/rahim/projects/weather-apis/.venv/lib/python3.12/site-packages/rest_framework/settings.py", line 168, in perform_import
    return import_from_string(val, setting_name)
           ^^^^^^^^^^^^^^^^^^^^^^^^^^^^^^^^^^^^^
  File "/home/rahim/projects/weather-apis/.venv/lib/python3.12/site-packages/rest_framework/settings.py", line 182, in import_from_string
    raise ImportError(msg)
ImportError: Could not import 'config.api.exceptions.custom_exception_handler' for API setting 'EXCEPTION_HANDLER'. ImportError: Module "config.api.exceptions" does not define a "custom_exception_handler" attribute/class.
Internal Server Error: /api/v1/keys/c59e1516-477c-4c5c-8ef4-ab188f2039e7/
Traceback (most recent call last):
  File "/home/rahim/projects/weather-apis/.venv/lib/python3.12/site-packages/rest_framework/views.py", line 506, in dispatch
    response = handler(request, *args, **kwargs)
               ^^^^^^^^^^^^^^^^^^^^^^^^^^^^^^^^^
  File "/home/rahim/projects/weather-apis/api_keys/views.py", line 59, in delete
    raise PermissionDenied(
rest_framework.exceptions.PermissionDenied: You do not have permission to revoke this key.

During handling of the above exception, another exception occurred:

Traceback (most recent call last):
  File "/home/rahim/projects/weather-apis/.venv/lib/python3.12/site-packages/django/utils/module_loading.py", line 30, in import_string
    return cached_import(module_path, class_name)
           ^^^^^^^^^^^^^^^^^^^^^^^^^^^^^^^^^^^^^^
  File "/home/rahim/projects/weather-apis/.venv/lib/python3.12/site-packages/django/utils/module_loading.py", line 16, in cached_import
    return getattr(module, class_name)
           ^^^^^^^^^^^^^^^^^^^^^^^^^^^
AttributeError: module 'config.api.exceptions' has no attribute 'custom_exception_handler'

The above exception was the direct cause of the following exception:

Traceback (most recent call last):
  File "/home/rahim/projects/weather-apis/.venv/lib/python3.12/site-packages/rest_framework/settings.py", line 179, in import_from_string
    return import_string(val)
           ^^^^^^^^^^^^^^^^^^
  File "/home/rahim/projects/weather-apis/.venv/lib/python3.12/site-packages/django/utils/module_loading.py", line 32, in import_string
    raise ImportError(
ImportError: Module "config.api.exceptions" does not define a "custom_exception_handler" attribute/class

During handling of the above exception, another exception occurred:

Traceback (most recent call last):
  File "/home/rahim/projects/weather-apis/.venv/lib/python3.12/site-packages/django/core/handlers/exception.py", line 55, in inner
    response = get_response(request)
               ^^^^^^^^^^^^^^^^^^^^^
  File "/home/rahim/projects/weather-apis/.venv/lib/python3.12/site-packages/django/core/handlers/base.py", line 197, in _get_response
    response = wrapped_callback(request, *callback_args, **callback_kwargs)
               ^^^^^^^^^^^^^^^^^^^^^^^^^^^^^^^^^^^^^^^^^^^^^^^^^^^^^^^^^^^^
  File "/home/rahim/projects/weather-apis/.venv/lib/python3.12/site-packages/django/views/decorators/csrf.py", line 65, in _view_wrapper
    return view_func(request, *args, **kwargs)
           ^^^^^^^^^^^^^^^^^^^^^^^^^^^^^^^^^^^
  File "/home/rahim/projects/weather-apis/.venv/lib/python3.12/site-packages/django/views/generic/base.py", line 105, in view
    return self.dispatch(request, *args, **kwargs)
           ^^^^^^^^^^^^^^^^^^^^^^^^^^^^^^^^^^^^^^^
  File "/home/rahim/projects/weather-apis/.venv/lib/python3.12/site-packages/rest_framework/views.py", line 509, in dispatch
    response = self.handle_exception(exc)
               ^^^^^^^^^^^^^^^^^^^^^^^^^^
  File "/home/rahim/projects/weather-apis/.venv/lib/python3.12/site-packages/rest_framework/views.py", line 463, in handle_exception
    exception_handler = self.get_exception_handler()
                        ^^^^^^^^^^^^^^^^^^^^^^^^^^^^
  File "/home/rahim/projects/weather-apis/.venv/lib/python3.12/site-packages/rest_framework/views.py", line 298, in get_exception_handler
    return self.settings.EXCEPTION_HANDLER
           ^^^^^^^^^^^^^^^^^^^^^^^^^^^^^^^
  File "/home/rahim/projects/weather-apis/.venv/lib/python3.12/site-packages/rest_framework/settings.py", line 227, in __getattr__
    val = perform_import(val, attr)
          ^^^^^^^^^^^^^^^^^^^^^^^^^
  File "/home/rahim/projects/weather-apis/.venv/lib/python3.12/site-packages/rest_framework/settings.py", line 168, in perform_import
    return import_from_string(val, setting_name)
           ^^^^^^^^^^^^^^^^^^^^^^^^^^^^^^^^^^^^^
  File "/home/rahim/projects/weather-apis/.venv/lib/python3.12/site-packages/rest_framework/settings.py", line 182, in import_from_string
    raise ImportError(msg)
ImportError: Could not import 'config.api.exceptions.custom_exception_handler' for API setting 'EXCEPTION_HANDLER'. ImportError: Module "config.api.exceptions" does not define a "custom_exception_handler" attribute/class.
